Microchip MPLAB XC8 Compiler V2.32

Linker command line:

-W-3 --edf=C:\Program Files\Microchip\xc8\v2.32\pic\dat\en_msgs.txt -cn \
  -h+dist/default/production\PICDuino-PIC16_BootloaderBuddy.production.sym \
  --cmf=dist/default/production\PICDuino-PIC16_BootloaderBuddy.production.cmf \
  -z -Q16F1454 -oC:\Users\leoja\AppData\Local\Temp\xcAscm0.4 \
  --defsym=__MPLAB_BUILD=1 \
  -Mdist/default/production/PICDuino-PIC16_BootloaderBuddy.production.map \
  -E1 -ver=XC8 Compiler --acfsm=1493 -ASTACK=02220h-023EFh -pstack=STACK \
  -ACODE=00h-07FFhx4 -ASTRCODE=00h-01FFFh -ASTRING=00h-0FFhx32 \
  -ACONST=00h-0FFhx32 -AENTRY=00h-0FFhx32 -ACOMMON=070h-07Fh \
  -ABANK0=020h-06Fh -ABANK1=0A0h-0EFh -ABANK2=0120h-016Fh \
  -ABANK3=01A0h-01EFh -ABANK4=0220h-026Fh -ABANK5=02A0h-02EFh \
  -ABANK6=0320h-036Fh -ABANK7=03A0h-03EFh -ABANK8=0420h-046Fh \
  -ABANK9=04A0h-04EFh -ABANK10=0520h-056Fh -ABANK11=05A0h-05EFh \
  -ABANK12=0620h-064Fh -ABIGRAM=02000h-023EFh \
  -ARAM=020h-06Fh,0A0h-0EFh,0120h-016Fh,01A0h-01EFh,0220h-026Fh,02A0h-02EFh,0320h-036Fh,03A0h-03EFh,0420h-046Fh,04A0h-04EFh,0520h-056Fh,05A0h-05EFh,0620h-064Fh \
  -AABS1=020h-07Fh,0A0h-0EFh,0120h-016Fh,01A0h-01EFh,0220h-026Fh,02A0h-02EFh,0320h-036Fh,03A0h-03EFh,0420h-046Fh,04A0h-04EFh,0520h-056Fh,05A0h-05EFh,0620h-064Fh \
  -ASFR0=00h-01Fh -ASFR1=080h-09Fh -ASFR2=0100h-011Fh -ASFR3=0180h-019Fh \
  -ASFR4=0200h-021Fh -ASFR5=0280h-029Fh -ASFR6=0300h-031Fh \
  -ASFR7=0380h-039Fh -ASFR8=0400h-041Fh -ASFR9=0480h-049Fh \
  -ASFR10=0500h-051Fh -ASFR11=0580h-059Fh -ASFR12=0600h-061Fh \
  -ASFR13=0680h-06EFh -ASFR14=0700h-076Fh -ASFR15=0780h-07EFh \
  -ASFR16=0800h-086Fh -ASFR17=0880h-08EFh -ASFR18=0900h-096Fh \
  -ASFR19=0980h-09EFh -ASFR20=0A00h-0A6Fh -ASFR21=0A80h-0AEFh \
  -ASFR22=0B00h-0B6Fh -ASFR23=0B80h-0BEFh -ASFR24=0C00h-0C6Fh \
  -ASFR25=0C80h-0CEFh -ASFR26=0D00h-0D6Fh -ASFR27=0D80h-0DEFh \
  -ASFR28=0E00h-0E6Fh -ASFR29=0E80h-0EEFh -ASFR30=0F00h-0F6Fh \
  -ASFR31=0F80h-0FEFh -ACONFIG=08007h-08008h -DCONFIG=2 \
  -AIDLOC=08000h-08003h -DIDLOC=2 -DCODE=2 -DSTRCODE=2 -DSTRING=2 -DCONST=2 \
  -DENTRY=2 -preset_vec=00h,intentry=04h,init,end_init -ppowerup=CODE \
  -pcinit=CODE -pfunctab=ENTRY -k \
  C:\Users\leoja\AppData\Local\Temp\xcAscm0.o \
  dist/default/production\PICDuino-PIC16_BootloaderBuddy.production.o 

Object code version is 3.11

Machine type is 16F1454



                Name                               Link     Load   Length Selector   Space Scale
C:\Users\leoja\AppData\Local\Temp\xcAscm0.o
                end_init                             19       19        2        8       0
                reset_vec                             0        0        2        0       0
                config                             8007     8007        2        0       4
dist/default/production\PICDuino-PIC16_BootloaderBuddy.production.o
                cinit                                1B       1B       37        8       0
                intentry                              4        4       15        8       0
                config                             8007     8007        2        0       4
                text76                             136B     136B       77     26D6       0
                text75                             145C     145C       7C     28B8       0
                text74                             13E2     13E2       7A     27C4       0
                text73                              D1E      D1E       AC     1A3C       0
                text72                             1DE5     1DE5       3A     3BCA       0
                text71                             1ED2     1ED2       44     3DA4       0
                text70                             1C49     1C49       25     3892       0
                text69                             1660     1660       8A     2CC0       0
                text68                             1DAE     1DAE       37     3B5C       0
                text67                             1287     1287       6E     250E       0
                text66                             1D7C     1D7C       32     3AF8       0
                text65                              1BF      1BF      15B        8       0
                text64                             16EA     16EA       8B     2DD4       0
                text63                             11B3     11B3       67     2366       0
                text62                              F36      F36       CA     1E6C       0
                text61                              971      971       8D     12E2       0
                text60                             15D8     15D8       88     2BB0       0
                text59                             1089     1089       61     2112       0
                text58                              B33      B33       A1     1666       0
                text57                             1FAC     1FAC       54     3F58       0
                text56                             1CF0     1CF0       2E     39E0       0
                text55                             1033     1033       56     2066       0
                text54                              C75      C75       A9     18EA       0
                text53                             1B4F     1B4F       1C     369E       0
                text52                             1C96     1C96       2D     392C       0
                text51                             1BA5     1BA5       20     374A       0
                text50                             1C05     1C05       22     380A       0
                text49                              43B      43B      120        8       0
                text47                             1775     1775       8B     2EEA       0
                text46                             114E     114E       65     229C       0
                text45                             1E1F     1E1F       3A     3C3E       0
                text44                              55B      55B       EA        8       0
                text43                             1AF4     1AF4        F     35E8       0
                text42                             1ACE     1ACE        C     359C       0
                text41                             1AAE     1AAE        5     355C       0
                text40                             1B03     1B03       12     3606       0
                text39                             1B15     1B15       13     362A       0
                text38                             1AB3     1AB3        9     3566       0
                text37                             1ABC     1ABC        9     3578       0
                text36                             1AC5     1AC5        9     358A       0
                text35                              7DA      7DA       26        8       0
                text34                             1AE6     1AE6        E     35CC       0
                text33                             1B3B     1B3B       14     3676       0
                text32                             1B87     1B87       1E     370E       0
                text31                              DCA      DCA       B3     1B94       0
                text30                              800      800        4        8       0
                text29                             1B28     1B28       13     3650       0
                text28                              9FE      9FE       98     13FC       0
                text27                             1556     1556       82     2AAC       0
                text26                             14D8     14D8       7E     29B0       0
                text25                              E7D      E7D       B9     1CFA       0
                text24                             1E59     1E59       3A     3CB2       0
                text23                             1F16     1F16       45     3E2C       0
                text22                             1C6E     1C6E       28     38DC       0
                text21                             1E93     1E93       3F     3D26       0
                text20                             12F5     12F5       76     25EA       0
                text19                             1001     1001       32     2002       0
                text18                               52       52      16D        8       0
                text17                              A96      A96       9D     152C       0
                text16                             121A     121A       6D     2434       0
                text15                              645      645       CB        8       0
                text14                              85A      85A       8B     10B4       0
                text13                              8E5      8E5       8C     11CA       0
                text12                             10EA     10EA       64     21D4       0
                text11                              BD4      BD4       A1     17A8       0
                text10                             1F5B     1F5B       51     3EB6       0
                text9                              1D1E     1D1E       2F     3A3C       0
                text8                               804      804       56     1008       0
                text7                              1BC5     1BC5       20     378A       0
                text6                              1D4D     1D4D       2F     3A9A       0
                text5                              1BE5     1BE5       20     37CA       0
                text4                              1C27     1C27       22     384E       0
                text3                               31A      31A      121        8       0
                text2                              1B6B     1B6B       1C     36D6       0
                text1                              1CC3     1CC3       2D     3986       0
                maintext                            710      710       CA        8       0
                cstackBANK0                          60       60       10       60       1
                cstackCOMMON                         70       70        E       70       1
                cstackBANK1                          A0       A0       25       A0       1
                cstackBANK3                         1EC      1EC        3      1B0       1
                cstackBANK4                         220      220       42      220       1
                cstackBANK5                         2BC      2BC        6      2A0       1
                clrtext                            1ADA     1ADA        C     35B4       0
                bssBANK6                            320      320       40      320       1
                bssBANK5                            2A0      2A0       1C      2A0       1
                bssBANK4                            262      262        E      220       1
                bssBANK3                            1B0      1B0       3C      1B0       1
                bssBANK1                             C5       C5        6       A0       1
                stringtext7                        1881     1881        4     3000       0
                stringtext6                        186F     186F        C     3000       0
                stringtext5                        185D     185D       12     3000       0
                stringtext4                        1843     1843       1A     3000       0
                stringtext3                        1800     1800       43     3000       0
                stringtext2                        1885     1885        2     3000       0
                stringtext1                        187B     187B        6     3000       0

TOTAL           Name                               Link     Load   Length     Space
        CLASS   STACK          

        CLASS   CODE           
                end_init                             19       19        2         0
                cinit                                1B       1B       37         0
                intentry                              4        4       15         0
                reset_vec                             0        0        2         0
                text76                             136B     136B       77         0
                text75                             145C     145C       7C         0
                text74                             13E2     13E2       7A         0
                text73                              D1E      D1E       AC         0
                text72                             1DE5     1DE5       3A         0
                text71                             1ED2     1ED2       44         0
                text70                             1C49     1C49       25         0
                text69                             1660     1660       8A         0
                text68                             1DAE     1DAE       37         0
                text67                             1287     1287       6E         0
                text66                             1D7C     1D7C       32         0
                text65                              1BF      1BF      15B         0
                text64                             16EA     16EA       8B         0
                text63                             11B3     11B3       67         0
                text62                              F36      F36       CA         0
                text61                              971      971       8D         0
                text60                             15D8     15D8       88         0
                text59                             1089     1089       61         0
                text58                              B33      B33       A1         0
                text57                             1FAC     1FAC       54         0
                text56                             1CF0     1CF0       2E         0
                text55                             1033     1033       56         0
                text54                              C75      C75       A9         0
                text53                             1B4F     1B4F       1C         0
                text52                             1C96     1C96       2D         0
                text51                             1BA5     1BA5       20         0
                text50                             1C05     1C05       22         0
                text49                              43B      43B      120         0
                text47                             1775     1775       8B         0
                text46                             114E     114E       65         0
                text45                             1E1F     1E1F       3A         0
                text44                              55B      55B       EA         0
                text43                             1AF4     1AF4        F         0
                text42                             1ACE     1ACE        C         0
                text41                             1AAE     1AAE        5         0
                text40                             1B03     1B03       12         0
                text39                             1B15     1B15       13         0
                text38                             1AB3     1AB3        9         0
                text37                             1ABC     1ABC        9         0
                text36                             1AC5     1AC5        9         0
                text35                              7DA      7DA       26         0
                text34                             1AE6     1AE6        E         0
                text33                             1B3B     1B3B       14         0
                text32                             1B87     1B87       1E         0
                text31                              DCA      DCA       B3         0
                text30                              800      800        4         0
                text29                             1B28     1B28       13         0
                text28                              9FE      9FE       98         0
                text27                             1556     1556       82         0
                text26                             14D8     14D8       7E         0
                text25                              E7D      E7D       B9         0
                text24                             1E59     1E59       3A         0
                text23                             1F16     1F16       45         0
                text22                             1C6E     1C6E       28         0
                text21                             1E93     1E93       3F         0
                text20                             12F5     12F5       76         0
                text19                             1001     1001       32         0
                text18                               52       52      16D         0
                text17                              A96      A96       9D         0
                text16                             121A     121A       6D         0
                text15                              645      645       CB         0
                text14                              85A      85A       8B         0
                text13                              8E5      8E5       8C         0
                text12                             10EA     10EA       64         0
                text11                              BD4      BD4       A1         0
                text10                             1F5B     1F5B       51         0
                text9                              1D1E     1D1E       2F         0
                text8                               804      804       56         0
                text7                              1BC5     1BC5       20         0
                text6                              1D4D     1D4D       2F         0
                text5                              1BE5     1BE5       20         0
                text4                              1C27     1C27       22         0
                text3                               31A      31A      121         0
                text2                              1B6B     1B6B       1C         0
                text1                              1CC3     1CC3       2D         0
                maintext                            710      710       CA         0
                clrtext                            1ADA     1ADA        C         0

        CLASS   STRCODE        
                stringtext7                        1881     1881        4         0
                stringtext6                        186F     186F        C         0
                stringtext5                        185D     185D       12         0
                stringtext4                        1843     1843       1A         0
                stringtext3                        1800     1800       43         0
                stringtext2                        1885     1885        2         0
                stringtext1                        187B     187B        6         0

        CLASS   STRING         

        CLASS   CONST          

        CLASS   ENTRY          

        CLASS   COMMON         
                cstackCOMMON                         70       70        E         1

        CLASS   BANK0          
                cstackBANK0                          60       60       10         1

        CLASS   BANK1          
                cstackBANK1                          A0       A0       25         1
                bssBANK1                             C5       C5        6         1

        CLASS   BANK2          

        CLASS   BANK3          
                cstackBANK3                         1EC      1EC        3         1
                bssBANK3                            1B0      1B0       3C         1

        CLASS   BANK4          
                cstackBANK4                         220      220       42         1
                bssBANK4                            262      262        E         1

        CLASS   BANK5          
                cstackBANK5                         2BC      2BC        6         1
                bssBANK5                            2A0      2A0       1C         1

        CLASS   BANK6          
                bssBANK6                            320      320       40         1

        CLASS   BANK7          

        CLASS   BANK8          

        CLASS   BANK9          

        CLASS   BANK10         

        CLASS   BANK11         

        CLASS   BANK12         

        CLASS   BIGRAM         

        CLASS   RAM            

        CLASS   ABS1           
                abs_s1                               20       20       40         1
                abs_s1                               7E       7E        2         1
                abs_s1                               D0       D0       20         1
                abs_s1                              120      120       50         1
                abs_s1                              1A0      1A0       10         1

        CLASS   SFR0           

        CLASS   SFR1           

        CLASS   SFR2           

        CLASS   SFR3           

        CLASS   SFR4           

        CLASS   SFR5           

        CLASS   SFR6           

        CLASS   SFR7           

        CLASS   SFR8           

        CLASS   SFR9           

        CLASS   SFR10          

        CLASS   SFR11          

        CLASS   SFR12          

        CLASS   SFR13          

        CLASS   SFR14          

        CLASS   SFR15          

        CLASS   SFR16          

        CLASS   SFR17          

        CLASS   SFR18          

        CLASS   SFR19          

        CLASS   SFR20          

        CLASS   SFR21          

        CLASS   SFR22          

        CLASS   SFR23          

        CLASS   SFR24          

        CLASS   SFR25          

        CLASS   SFR26          

        CLASS   SFR27          

        CLASS   SFR28          

        CLASS   SFR29          

        CLASS   SFR30          

        CLASS   SFR31          

        CLASS   CONFIG         
                config                             8007     8007        2         4

        CLASS   IDLOC          

        CLASS   BANK31         

        CLASS   BANK30         

        CLASS   BANK29         

        CLASS   BANK28         

        CLASS   BANK27         

        CLASS   BANK26         

        CLASS   BANK25         

        CLASS   BANK24         

        CLASS   BANK23         

        CLASS   BANK22         

        CLASS   BANK21         

        CLASS   BANK20         

        CLASS   BANK19         

        CLASS   BANK18         

        CLASS   BANK17         

        CLASS   BANK16         

        CLASS   BANK15         

        CLASS   BANK14         

        CLASS   BANK13         

        CLASS   EEDATA         



SEGMENTS        Name                           Load    Length   Top    Selector   Space  Class     Delta

                reset_vec                      000000  000002  000002         0       0  CODE        2
                intentry                       000004  000800  000804         8       0  CODE        2
                cstackBANK0                    000060  000010  000070        60       1  BANK0       1
                cstackCOMMON                   000070  00000E  00007E        70       1  COMMON      1
                cstackBANK1                    0000A0  00002B  0000CB        A0       1  BANK1       1
                bssBANK3                       0001B0  00003F  0001EF       1B0       1  BANK3       1
                cstackBANK4                    000220  000050  000270       220       1  BANK4       1
                bssBANK5                       0002A0  000022  0002C2       2A0       1  BANK5       1
                bssBANK6                       000320  000040  000360       320       1  BANK6       1
                text8                          000804  000056  00085A      1008       0  CODE        2
                text14                         00085A  00008B  0008E5      10B4       0  CODE        2
                text13                         0008E5  00008C  000971      11CA       0  CODE        2
                text61                         000971  00008D  0009FE      12E2       0  CODE        2
                text28                         0009FE  000098  000A96      13FC       0  CODE        2
                text17                         000A96  00009D  000B33      152C       0  CODE        2
                text58                         000B33  0000A1  000BD4      1666       0  CODE        2
                text11                         000BD4  0000A1  000C75      17A8       0  CODE        2
                text54                         000C75  0000A9  000D1E      18EA       0  CODE        2
                text73                         000D1E  0000AC  000DCA      1A3C       0  CODE        2
                text31                         000DCA  0000B3  000E7D      1B94       0  CODE        2
                text25                         000E7D  0000B9  000F36      1CFA       0  CODE        2
                text62                         000F36  0000CA  001000      1E6C       0  CODE        2
                text19                         001001  000032  001033      2002       0  CODE        2
                text55                         001033  000056  001089      2066       0  CODE        2
                text59                         001089  000061  0010EA      2112       0  CODE        2
                text12                         0010EA  000064  00114E      21D4       0  CODE        2
                text46                         00114E  000065  0011B3      229C       0  CODE        2
                text63                         0011B3  000067  00121A      2366       0  CODE        2
                text16                         00121A  00006D  001287      2434       0  CODE        2
                text67                         001287  00006E  0012F5      250E       0  CODE        2
                text20                         0012F5  000076  00136B      25EA       0  CODE        2
                text76                         00136B  000077  0013E2      26D6       0  CODE        2
                text74                         0013E2  00007A  00145C      27C4       0  CODE        2
                text75                         00145C  00007C  0014D8      28B8       0  CODE        2
                text26                         0014D8  00007E  001556      29B0       0  CODE        2
                text27                         001556  000082  0015D8      2AAC       0  CODE        2
                text60                         0015D8  000088  001660      2BB0       0  CODE        2
                text69                         001660  00008A  0016EA      2CC0       0  CODE        2
                text64                         0016EA  00008B  001775      2DD4       0  CODE        2
                text47                         001775  00008B  001800      2EEA       0  CODE        2
                stringtext3                    001800  000087  001887      3000       0  STRCODE     2
                text41                         001AAE  000005  001AB3      355C       0  CODE        2
                text38                         001AB3  000009  001ABC      3566       0  CODE        2
                text37                         001ABC  000009  001AC5      3578       0  CODE        2
                text36                         001AC5  000009  001ACE      358A       0  CODE        2
                text42                         001ACE  00000C  001ADA      359C       0  CODE        2
                clrtext                        001ADA  00000C  001AE6      35B4       0  CODE        2
                text34                         001AE6  00000E  001AF4      35CC       0  CODE        2
                text43                         001AF4  00000F  001B03      35E8       0  CODE        2
                text40                         001B03  000012  001B15      3606       0  CODE        2
                text39                         001B15  000013  001B28      362A       0  CODE        2
                text29                         001B28  000013  001B3B      3650       0  CODE        2
                text33                         001B3B  000014  001B4F      3676       0  CODE        2
                text53                         001B4F  00001C  001B6B      369E       0  CODE        2
                text2                          001B6B  00001C  001B87      36D6       0  CODE        2
                text32                         001B87  00001E  001BA5      370E       0  CODE        2
                text51                         001BA5  000020  001BC5      374A       0  CODE        2
                text7                          001BC5  000020  001BE5      378A       0  CODE        2
                text5                          001BE5  000020  001C05      37CA       0  CODE        2
                text50                         001C05  000022  001C27      380A       0  CODE        2
                text4                          001C27  000022  001C49      384E       0  CODE        2
                text70                         001C49  000025  001C6E      3892       0  CODE        2
                text22                         001C6E  000028  001C96      38DC       0  CODE        2
                text52                         001C96  00002D  001CC3      392C       0  CODE        2
                text1                          001CC3  00002D  001CF0      3986       0  CODE        2
                text56                         001CF0  00002E  001D1E      39E0       0  CODE        2
                text9                          001D1E  00002F  001D4D      3A3C       0  CODE        2
                text6                          001D4D  00002F  001D7C      3A9A       0  CODE        2
                text66                         001D7C  000032  001DAE      3AF8       0  CODE        2
                text68                         001DAE  000037  001DE5      3B5C       0  CODE        2
                text72                         001DE5  00003A  001E1F      3BCA       0  CODE        2
                text45                         001E1F  00003A  001E59      3C3E       0  CODE        2
                text24                         001E59  00003A  001E93      3CB2       0  CODE        2
                text21                         001E93  00003F  001ED2      3D26       0  CODE        2
                text71                         001ED2  000044  001F16      3DA4       0  CODE        2
                text23                         001F16  000045  001F5B      3E2C       0  CODE        2
                text10                         001F5B  000051  001FAC      3EB6       0  CODE        2
                text57                         001FAC  000054  002000      3F58       0  CODE        2


UNUSED ADDRESS RANGES

        Name                Unused          Largest block    Delta
        BANK1            000CB-000CF               5           1
        BANK10           00520-0056F              50           1
        BANK11           005A0-005EF              50           1
        BANK12           00620-0064F              30           1
        BANK3            001EF-001EF               1           1
        BANK5            002C2-002EF              2E           1
        BANK6            00360-0036F              10           1
        BANK7            003A0-003EF              50           1
        BANK8            00420-0046F              50           1
        BANK9            004A0-004EF              50           1
        BIGRAM           02000-023EF             3F0           1
        CODE             00002-00003               2           2
                         01000-01000               1
                         01887-01AAD             227
        CONST            00002-00003               2           2
                         01000-01000               1
                         01887-01AAD             100
        ENTRY            00002-00003               2           2
                         01000-01000               1
                         01887-01AAD             100
        IDLOC            08000-08003               4           2
        RAM              000CB-000CF               5           1
                         001EF-001EF               1
                         002C2-002EF              2E
                         00360-0036F              10
                         003A0-003EF              50
                         00420-0046F              50
                         004A0-004EF              50
                         00520-0056F              50
                         005A0-005EF              50
                         00620-0064F              30
        SFR0             00000-0001F              20           1
        SFR1             00080-0009F              20           1
        SFR10            00500-0051F              20           1
        SFR11            00580-0059F              20           1
        SFR12            00600-0061F              20           1
        SFR13            00680-006EF              70           1
        SFR14            00700-0076F              70           1
        SFR15            00780-007EF              70           1
        SFR16            00800-0086F              70           1
        SFR17            00880-008EF              70           1
        SFR18            00900-0096F              70           1
        SFR19            00980-009EF              70           1
        SFR2             00100-0011F              20           1
        SFR20            00A00-00A6F              70           1
        SFR21            00A80-00AEF              70           1
        SFR22            00B00-00B6F              70           1
        SFR23            00B80-00BEF              70           1
        SFR24            00C00-00C6F              70           1
        SFR25            00C80-00CEF              70           1
        SFR26            00D00-00D6F              70           1
        SFR27            00D80-00DEF              70           1
        SFR28            00E00-00E6F              70           1
        SFR29            00E80-00EEF              70           1
        SFR3             00180-0019F              20           1
        SFR30            00F00-00F6F              70           1
        SFR31            00F80-00FEF              70           1
        SFR4             00200-0021F              20           1
        SFR5             00280-0029F              20           1
        SFR6             00300-0031F              20           1
        SFR7             00380-0039F              20           1
        SFR8             00400-0041F              20           1
        SFR9             00480-0049F              20           1
        STACK            02220-023EF             1D0           1
        STRCODE          00002-00003               2           2
                         01000-01000               1
                         01887-01AAD             227
        STRING           00002-00003               2           2
                         01000-01000               1
                         01887-01AAD             100

                                  Symbol Table

?_USBTransferOnePacket                         cstackBANK1  000A5
?i1_USBTransferOnePacket                       cstackCOMMON 00070
CDCRxService@GPBuffer                          cstackBANK4  00220
CDCRxService@i                                 cstackBANK4  00261
CDCRxService@numBytesIn                        cstackBANK4  00260
CDCTxService@byte_to_send                      cstackBANK1  000B2
CDCTxService@i                                 cstackBANK1  000B1
EUSART_SetErrorHandler@interruptHandler        cstackBANK1  000A5
EUSART_SetFramingErrorHandler@interruptHandler cstackBANK1  000A5
EUSART_SetOverrunErrorHandler@interruptHandler cstackBANK1  000A5
EUSART_Write@txData                            cstackBANK1  000A5
USBConfigureEndpoint@EPNum                     cstackBANK1  000AA
USBConfigureEndpoint@direction                 cstackBANK1  000A5
USBConfigureEndpoint@handle                    cstackBANK1  000AB
USBCtrlTrfInHandler@lastDTS                    cstackBANK1  000AA
USBCtrlTrfRxService@byteToRead                 cstackBANK1  000AA
USBCtrlTrfRxService@i                          cstackBANK1  000A9
USBCtrlTrfTxService@byteToSend                 cstackBANK1  000A7
USBDeviceInit@i                                cstackBANK1  000A9
USBDeviceInit@i_722                            cstackBANK1  000A8
USBDeviceInit@p                                cstackBANK1  000A6
USBDeviceTasks@i                               cstackBANK3  001EE
USBEnableEndpoint@ep                           cstackBANK1  000B1
USBEnableEndpoint@options                      cstackBANK1  000AC
USBEnableEndpoint@p                            cstackBANK1  000AF
USBStdFeatureReqHandler@current_ep_data        cstackBANK1  000BD
USBStdFeatureReqHandler@p                      cstackBANK1  000BE
USBStdFeatureReqHandler@pUEP                   cstackBANK1  000BB
USBStdGetStatusHandler@p                       cstackBANK1  000A7
USBStdSetCfgHandler@i                          cstackBANK1  000BD
USBStdSetCfgHandler@i_1457                     cstackBANK1  000BC
USBStdSetCfgHandler@p                          cstackBANK1  000BA
USBTransferOnePacket@data                      cstackBANK1  000A6
USBTransferOnePacket@dir                       cstackBANK1  000A5
USBTransferOnePacket@ep                        cstackBANK1  000AD
USBTransferOnePacket@handle                    cstackBANK1  000AE
USBTransferOnePacket@len                       cstackBANK1  000A8
USER_USB_CALLBACK_EVENT_HANDLER@event          cstackBANK1  000B3
USER_USB_CALLBACK_EVENT_HANDLER@pdata          cstackBANK1  000B5
USER_USB_CALLBACK_EVENT_HANDLER@size           cstackBANK1  000B7
_ACTCON                                        (abs)        0039B
_ANSELA                                        (abs)        0018C
_ANSELC                                        (abs)        0018E
_APFCON                                        (abs)        0011D
_BAUDCON                                       (abs)        0019F
_BDT                                           (abs)        00020
_BORCON                                        (abs)        00116
_BothEP0OutUOWNsSet                            bssBANK3     001E3
_CDCDataInHandle                               bssBANK3     001D2
_CDCDataOutHandle                              bssBANK3     001D4
_CDCInitEP                                     text21       01E93
_CDCRxBuffer                                   bssBANK6     00320
_CDCRxLength                                   bssBANK4     00266
_CDCRxService                                  text45       01E1F
_CDCTxService                                  text44       0055B
_CtrlTrfData                                   (abs)        00058
_EUSART_DefaultErrorHandler                    (abs)        00000
_EUSART_DefaultFramingErrorHandler             (abs)        00000
_EUSART_DefaultOverrunErrorHandler             (abs)        00000
_EUSART_ErrorHandler                           bssBANK5     002AE
_EUSART_FramingErrorHandler                    bssBANK5     002B2
_EUSART_Initialize                             text35       007DA
_EUSART_OverrunErrorHandler                    bssBANK5     002B0
_EUSART_Read                                   text43       01AF4
_EUSART_SetErrorHandler                        text38       01AB3
_EUSART_SetFramingErrorHandler                 text37       01ABC
_EUSART_SetOverrunErrorHandler                 text36       01AC5
_EUSART_Write                                  text42       01ACE
_EUSART_is_rx_ready                            text41       01AAE
_EUSART_is_tx_ready                            text40       01B03
_EUSART_is_tx_ready$2393                       cstackBANK1  000A5
_INTCONbits                                    (abs)        0000B
_INTERRUPT_InterruptManager                    intentry     00004
_LATA                                          (abs)        0010C
_LATC                                          (abs)        0010E
_LATCbits                                      (abs)        0010E
_OPTION_REGbits                                (abs)        00095
_OSCCON                                        (abs)        00099
_OSCILLATOR_Initialize                         text34       01AE6
_OSCTUNE                                       (abs)        00098
_PIE2bits                                      (abs)        00092
_PIN_MANAGER_Initialize                        text33       01B3B
_PIR1bits                                      (abs)        00011
_PIR2bits                                      (abs)        00012
_PLLRDY                                        (abs)        004D6
_RCREG                                         (abs)        00199
_RCSTA                                         (abs)        0019D
_RCSTAbits                                     (abs)        0019D
_RemoteWakeup                                  bssBANK3     001E6
_Reset                                         text39       01B15
_SPBRGH                                        (abs)        0019C
_SPBRGL                                        (abs)        0019B
_SYSTEM_Initialize                             text29       01B28
_SetupPkt                                      (abs)        00050
_TRISA                                         (abs)        0008C
_TRISC                                         (abs)        0008E
_TRISCbits                                     (abs)        0008E
_TXREG                                         (abs)        0019A
_TXSTA                                         (abs)        0019E
_TXSTAbits                                     (abs)        0019E
_UADDR                                         (abs)        00E96
_UCFG                                          (abs)        00E91
_UCON                                          (abs)        00E8E
_UCONbits                                      (abs)        00E8E
_UEIE                                          (abs)        00E97
_UEIR                                          (abs)        00E93
_UEP0                                          (abs)        00E98
_UEP0bits                                      (abs)        00E98
_UEP1                                          (abs)        00E99
_UIE                                           (abs)        00E92
_UIEbits                                       (abs)        00E92
_UIR                                           (abs)        00E90
_UIRbits                                       (abs)        00E90
_USB1msTickCount                               bssBANK3     001C8
_USBActiveConfiguration                        bssBANK3     001EB
_USBAlternateInterface                         bssBANK3     001E9
_USBBusIsSuspended                             bssBANK3     001E5
_USBCheckCDCRequest                            text20       012F5
_USBCheckStdRequest                            text13       008E5
_USBConfigureEndpoint                          text23       01F16
_USBCtrlEPAllowDataStage                       text12       010EA
_USBCtrlEPAllowStatusStage                     text26       014D8
_USBCtrlEPService                              text8        00804
_USBCtrlEPServiceComplete                      text11       00BD4
_USBCtrlTrfInHandler                           text27       01556
_USBCtrlTrfOutHandler                          text24       01E59
_USBCtrlTrfRxService                           text25       00E7D
_USBCtrlTrfSetupHandler                        text10       01F5B
_USBCtrlTrfTxService                           text28       009FE
_USBDeferINDataStagePackets                    bssBANK3     001DE
_USBDeferOUTDataStagePackets                   bssBANK3     001DD
_USBDeferStatusStagePacket                     bssBANK3     001E1
_USBDeviceAttach                               text32       01B87
_USBDeviceInit                                 text31       00DCA
_USBDeviceState                                bssBANK1     000C9
_USBDeviceTasks                                text3        0031A
_USBEnableEndpoint                             text22       01C6E
_USBIncrement1msInternalTimers                 text7        01BC5
_USBStallHandler                               text6        01D4D
_USBStatusStageEnabledFlag1                    bssBANK3     001E0
_USBStatusStageEnabledFlag2                    bssBANK3     001DF
_USBStatusStageTimeoutCounter                  bssBANK3     001E2
_USBStdFeatureReqHandler                       text18       00052
_USBStdGetDscHandler                           text17       00A96
_USBStdGetStatusHandler                        text16       0121A
_USBStdSetCfgHandler                           text14       0085A
_USBSuspend                                    text5        01BE5
_USBTicksSinceSuspendEnd                       bssBANK3     001DC
_USBTransferOnePacket                          text47       01775
_USBWakeFromSuspend                            text4        01C27
_USB_CD_Ptr                                    stringtext2  01885
_USB_SD_Ptr                                    stringtext1  0187B
_USER_USB_CALLBACK_EVENT_HANDLER               text19       01001
_USTAT                                         (abs)        00E8F
_USTATcopy                                     bssBANK1     000CA
_WDTCON                                        (abs)        00097
_WDT_Initialize                                text30       00800
_WPUA                                          (abs)        0020C
__Habs1                                        abs1         00000
__Hbank0                                       bank0        00000
__Hbank1                                       bank1        00000
__Hbank10                                      bank10       00000
__Hbank11                                      bank11       00000
__Hbank12                                      bank12       00000
__Hbank13                                      bank13       00000
__Hbank14                                      bank14       00000
__Hbank15                                      bank15       00000
__Hbank16                                      bank16       00000
__Hbank17                                      bank17       00000
__Hbank18                                      bank18       00000
__Hbank19                                      bank19       00000
__Hbank2                                       bank2        00000
__Hbank20                                      bank20       00000
__Hbank21                                      bank21       00000
__Hbank22                                      bank22       00000
__Hbank23                                      bank23       00000
__Hbank24                                      bank24       00000
__Hbank25                                      bank25       00000
__Hbank26                                      bank26       00000
__Hbank27                                      bank27       00000
__Hbank28                                      bank28       00000
__Hbank29                                      bank29       00000
__Hbank3                                       bank3        00000
__Hbank30                                      bank30       00000
__Hbank31                                      bank31       00000
__Hbank4                                       bank4        00000
__Hbank5                                       bank5        00000
__Hbank6                                       bank6        00000
__Hbank7                                       bank7        00000
__Hbank8                                       bank8        00000
__Hbank9                                       bank9        00000
__Hbigram                                      bigram       00000
__HbssBANK1                                    bssBANK1     00000
__HbssBANK3                                    bssBANK3     00000
__HbssBANK4                                    bssBANK4     00000
__HbssBANK5                                    bssBANK5     00000
__HbssBANK6                                    bssBANK6     00000
__Hcinit                                       cinit        00052
__Hclrtext                                     clrtext      00000
__Hcode                                        code         00000
__Hcommon                                      common       00000
__Hconfig                                      config       08009
__HcstackBANK0                                 cstackBANK0  00000
__HcstackBANK1                                 cstackBANK1  00000
__HcstackBANK3                                 cstackBANK3  00000
__HcstackBANK4                                 cstackBANK4  00000
__HcstackBANK5                                 cstackBANK5  00000
__HcstackCOMMON                                cstackCOMMON 00000
__Heeprom_data                                 eeprom_data  00000
__Hend_init                                    end_init     0001B
__Hfunctab                                     functab      00000
__Hinit                                        init         00019
__Hintentry                                    intentry     00019
__Hmaintext                                    maintext     00000
__Hpowerup                                     powerup      00000
__Hram                                         ram          00000
__Hreset_vec                                   reset_vec    00002
__Hsfr0                                        sfr0         00000
__Hsfr1                                        sfr1         00000
__Hsfr10                                       sfr10        00000
__Hsfr11                                       sfr11        00000
__Hsfr12                                       sfr12        00000
__Hsfr13                                       sfr13        00000
__Hsfr14                                       sfr14        00000
__Hsfr15                                       sfr15        00000
__Hsfr16                                       sfr16        00000
__Hsfr17                                       sfr17        00000
__Hsfr18                                       sfr18        00000
__Hsfr19                                       sfr19        00000
__Hsfr2                                        sfr2         00000
__Hsfr20                                       sfr20        00000
__Hsfr21                                       sfr21        00000
__Hsfr22                                       sfr22        00000
__Hsfr23                                       sfr23        00000
__Hsfr24                                       sfr24        00000
__Hsfr25                                       sfr25        00000
__Hsfr26                                       sfr26        00000
__Hsfr27                                       sfr27        00000
__Hsfr28                                       sfr28        00000
__Hsfr29                                       sfr29        00000
__Hsfr3                                        sfr3         00000
__Hsfr30                                       sfr30        00000
__Hsfr31                                       sfr31        00000
__Hsfr4                                        sfr4         00000
__Hsfr5                                        sfr5         00000
__Hsfr6                                        sfr6         00000
__Hsfr7                                        sfr7         00000
__Hsfr8                                        sfr8         00000
__Hsfr9                                        sfr9         00000
__Hspace_0                                     (abs)        02000
__Hspace_1                                     (abs)        00360
__Hspace_2                                     (abs)        00000
__Hspace_3                                     (abs)        00000
__Hspace_4                                     (abs)        10010
__Hstack                                       stack        00000
__Hstrings                                     strings      00000
__Hstringtext1                                 stringtext1  00000
__Hstringtext2                                 stringtext2  00000
__Hstringtext3                                 stringtext3  00000
__Hstringtext4                                 stringtext4  00000
__Hstringtext5                                 stringtext5  00000
__Hstringtext6                                 stringtext6  00000
__Hstringtext7                                 stringtext7  00000
__Htext                                        text         00000
__Labs1                                        abs1         00000
__Lbank0                                       bank0        00000
__Lbank1                                       bank1        00000
__Lbank10                                      bank10       00000
__Lbank11                                      bank11       00000
__Lbank12                                      bank12       00000
__Lbank13                                      bank13       00000
__Lbank14                                      bank14       00000
__Lbank15                                      bank15       00000
__Lbank16                                      bank16       00000
__Lbank17                                      bank17       00000
__Lbank18                                      bank18       00000
__Lbank19                                      bank19       00000
__Lbank2                                       bank2        00000
__Lbank20                                      bank20       00000
__Lbank21                                      bank21       00000
__Lbank22                                      bank22       00000
__Lbank23                                      bank23       00000
__Lbank24                                      bank24       00000
__Lbank25                                      bank25       00000
__Lbank26                                      bank26       00000
__Lbank27                                      bank27       00000
__Lbank28                                      bank28       00000
__Lbank29                                      bank29       00000
__Lbank3                                       bank3        00000
__Lbank30                                      bank30       00000
__Lbank31                                      bank31       00000
__Lbank4                                       bank4        00000
__Lbank5                                       bank5        00000
__Lbank6                                       bank6        00000
__Lbank7                                       bank7        00000
__Lbank8                                       bank8        00000
__Lbank9                                       bank9        00000
__Lbigram                                      bigram       00000
__LbssBANK1                                    bssBANK1     00000
__LbssBANK3                                    bssBANK3     00000
__LbssBANK4                                    bssBANK4     00000
__LbssBANK5                                    bssBANK5     00000
__LbssBANK6                                    bssBANK6     00000
__Lcinit                                       cinit        0001B
__Lclrtext                                     clrtext      00000
__Lcode                                        code         00000
__Lcommon                                      common       00000
__Lconfig                                      config       00000
__LcstackBANK0                                 cstackBANK0  00000
__LcstackBANK1                                 cstackBANK1  00000
__LcstackBANK3                                 cstackBANK3  00000
__LcstackBANK4                                 cstackBANK4  00000
__LcstackBANK5                                 cstackBANK5  00000
__LcstackCOMMON                                cstackCOMMON 00000
__Leeprom_data                                 eeprom_data  00000
__Lend_init                                    end_init     00019
__Lfunctab                                     functab      00000
__Linit                                        init         00019
__Lintentry                                    intentry     00004
__Lmaintext                                    maintext     00000
__Lpowerup                                     powerup      00000
__Lram                                         ram          00000
__Lreset_vec                                   reset_vec    00000
__Lsfr0                                        sfr0         00000
__Lsfr1                                        sfr1         00000
__Lsfr10                                       sfr10        00000
__Lsfr11                                       sfr11        00000
__Lsfr12                                       sfr12        00000
__Lsfr13                                       sfr13        00000
__Lsfr14                                       sfr14        00000
__Lsfr15                                       sfr15        00000
__Lsfr16                                       sfr16        00000
__Lsfr17                                       sfr17        00000
__Lsfr18                                       sfr18        00000
__Lsfr19                                       sfr19        00000
__Lsfr2                                        sfr2         00000
__Lsfr20                                       sfr20        00000
__Lsfr21                                       sfr21        00000
__Lsfr22                                       sfr22        00000
__Lsfr23                                       sfr23        00000
__Lsfr24                                       sfr24        00000
__Lsfr25                                       sfr25        00000
__Lsfr26                                       sfr26        00000
__Lsfr27                                       sfr27        00000
__Lsfr28                                       sfr28        00000
__Lsfr29                                       sfr29        00000
__Lsfr3                                        sfr3         00000
__Lsfr30                                       sfr30        00000
__Lsfr31                                       sfr31        00000
__Lsfr4                                        sfr4         00000
__Lsfr5                                        sfr5         00000
__Lsfr6                                        sfr6         00000
__Lsfr7                                        sfr7         00000
__Lsfr8                                        sfr8         00000
__Lsfr9                                        sfr9         00000
__Lspace_0                                     (abs)        00000
__Lspace_1                                     (abs)        00000
__Lspace_2                                     (abs)        00000
__Lspace_3                                     (abs)        00000
__Lspace_4                                     (abs)        00000
__Lstack                                       stack        00000
__Lstrings                                     strings      00000
__Lstringtext1                                 stringtext1  00000
__Lstringtext2                                 stringtext2  00000
__Lstringtext3                                 stringtext3  00000
__Lstringtext4                                 stringtext4  00000
__Lstringtext5                                 stringtext5  00000
__Lstringtext6                                 stringtext6  00000
__Lstringtext7                                 stringtext7  00000
__Ltext                                        text         00000
__S0                                           (abs)        02000
__S1                                           (abs)        00360
__S2                                           (abs)        00000
___int_sp                                      stack        00000
___latbits                                     (abs)        00002
___sp                                          stack        00000
___stackhi                                     (abs)        023EF
___stacklo                                     (abs)        02220
__end_of_CDCInitEP                             text21       01ED2
__end_of_CDCRxService                          text45       01E59
__end_of_CDCTxService                          text44       00645
__end_of_EUSART_Initialize                     text35       00800
__end_of_EUSART_Read                           text43       01B03
__end_of_EUSART_SetErrorHandler                text38       01ABC
__end_of_EUSART_SetFramingErrorHandler         text37       01AC5
__end_of_EUSART_SetOverrunErrorHandler         text36       01ACE
__end_of_EUSART_Write                          text42       01ADA
__end_of_EUSART_is_rx_ready                    text41       01AB3
__end_of_EUSART_is_tx_ready                    text40       01B15
__end_of_INTERRUPT_InterruptManager            intentry     00019
__end_of_OSCILLATOR_Initialize                 text34       01AF4
__end_of_PIN_MANAGER_Initialize                text33       01B4F
__end_of_Reset                                 text39       01B28
__end_of_SYSTEM_Initialize                     text29       01B3B
__end_of_USBCheckCDCRequest                    text20       0136B
__end_of_USBCheckStdRequest                    text13       00971
__end_of_USBConfigureEndpoint                  text23       01F5B
__end_of_USBCtrlEPAllowDataStage               text12       0114E
__end_of_USBCtrlEPAllowStatusStage             text26       01556
__end_of_USBCtrlEPService                      text8        0085A
__end_of_USBCtrlEPServiceComplete              text11       00C75
__end_of_USBCtrlTrfInHandler                   text27       015D8
__end_of_USBCtrlTrfOutHandler                  text24       01E93
__end_of_USBCtrlTrfRxService                   text25       00F36
__end_of_USBCtrlTrfSetupHandler                text10       01FAC
__end_of_USBCtrlTrfTxService                   text28       00A96
__end_of_USBDeviceAttach                       text32       01BA5
__end_of_USBDeviceInit                         text31       00E7D
__end_of_USBDeviceTasks                        text3        0043B
__end_of_USBEnableEndpoint                     text22       01C96
__end_of_USBIncrement1msInternalTimers         text7        01BE5
__end_of_USBStallHandler                       text6        01D7C
__end_of_USBStdFeatureReqHandler               text18       001BF
__end_of_USBStdGetDscHandler                   text17       00B33
__end_of_USBStdGetStatusHandler                text16       01287
__end_of_USBStdSetCfgHandler                   text14       008E5
__end_of_USBSuspend                            text5        01C05
__end_of_USBTransferOnePacket                  text47       01800
__end_of_USBWakeFromSuspend                    text4        01C49
__end_of_USB_CD_Ptr                            stringtext2  01887
__end_of_USB_SD_Ptr                            stringtext1  01881
__end_of_USER_USB_CALLBACK_EVENT_HANDLER       text19       01033
__end_of_WDT_Initialize                        text30       00804
__end_of__initialization                       cinit        0004E
__end_of_configDescriptor1                     stringtext3  01843
__end_of_device_dsc                            stringtext5  0186F
__end_of_getsUSBUSART                          text46       011B3
__end_of_main                                  maintext     007DA
__end_of_memcpy                                text9        01D4D
__end_of_memset                                text15       00710
__end_of_putUSBUSART                           text2        01B87
__end_of_readUSBUART                           text1        01CF0
__end_of_sd000                                 stringtext7  01885
__end_of_sd001                                 stringtext6  0187B
__end_of_sd002                                 stringtext4  0185D
__end_ofi1_CDCInitEP                           text68       01DE5
__end_ofi1_USBCheckCDCRequest                  text67       012F5
__end_ofi1_USBCheckStdRequest                  text60       01660
__end_ofi1_USBConfigureEndpoint                text71       01F16
__end_ofi1_USBCtrlEPAllowDataStage             text59       010EA
__end_ofi1_USBCtrlEPAllowStatusStage           text74       0145C
__end_ofi1_USBCtrlEPService                    text55       01089
__end_ofi1_USBCtrlEPServiceComplete            text58       00BD4
__end_ofi1_USBCtrlTrfInHandler                 text75       014D8
__end_ofi1_USBCtrlTrfOutHandler                text72       01E1F
__end_ofi1_USBCtrlTrfRxService                 text73       00DCA
__end_ofi1_USBCtrlTrfSetupHandler              text57       02000
__end_ofi1_USBCtrlTrfTxService                 text76       013E2
__end_ofi1_USBDeviceInit                       text54       00D1E
__end_ofi1_USBDeviceTasks                      text49       0055B
__end_ofi1_USBEnableEndpoint                   text70       01C6E
__end_ofi1_USBIncrement1msInternalTimers       text53       01B6B
__end_ofi1_USBStallHandler                     text52       01CC3
__end_ofi1_USBStdFeatureReqHandler             text65       0031A
__end_ofi1_USBStdGetDscHandler                 text64       01775
__end_ofi1_USBStdGetStatusHandler              text63       0121A
__end_ofi1_USBStdSetCfgHandler                 text61       009FE
__end_ofi1_USBSuspend                          text51       01BC5
__end_ofi1_USBTransferOnePacket                text69       016EA
__end_ofi1_USBWakeFromSuspend                  text50       01C27
__end_ofi1_USER_USB_CALLBACK_EVENT_HANDLER     text66       01DAE
__end_ofi1_memcpy                              text56       01D1E
__end_ofi1_memset                              text62       01000
__initialization                               cinit        0001B
__pbssBANK1                                    bssBANK1     000C5
__pbssBANK3                                    bssBANK3     001B0
__pbssBANK4                                    bssBANK4     00262
__pbssBANK5                                    bssBANK5     002A0
__pbssBANK6                                    bssBANK6     00320
__pcstackBANK0                                 cstackBANK0  00060
__pcstackBANK1                                 cstackBANK1  000A0
__pcstackBANK3                                 cstackBANK3  001EC
__pcstackBANK4                                 cstackBANK4  00220
__pcstackBANK5                                 cstackBANK5  002BC
__pcstackCOMMON                                cstackCOMMON 00070
__pintentry                                    intentry     00004
__pmaintext                                    maintext     00710
__pstringtext1                                 stringtext1  0187B
__pstringtext2                                 stringtext2  01885
__pstringtext3                                 stringtext3  01800
__pstringtext4                                 stringtext4  01843
__pstringtext5                                 stringtext5  0185D
__pstringtext6                                 stringtext6  0186F
__pstringtext7                                 stringtext7  01881
__ptext1                                       text1        01CC3
__ptext10                                      text10       01F5B
__ptext11                                      text11       00BD4
__ptext12                                      text12       010EA
__ptext13                                      text13       008E5
__ptext14                                      text14       0085A
__ptext15                                      text15       00645
__ptext16                                      text16       0121A
__ptext17                                      text17       00A96
__ptext18                                      text18       00052
__ptext19                                      text19       01001
__ptext2                                       text2        01B6B
__ptext20                                      text20       012F5
__ptext21                                      text21       01E93
__ptext22                                      text22       01C6E
__ptext23                                      text23       01F16
__ptext24                                      text24       01E59
__ptext25                                      text25       00E7D
__ptext26                                      text26       014D8
__ptext27                                      text27       01556
__ptext28                                      text28       009FE
__ptext29                                      text29       01B28
__ptext3                                       text3        0031A
__ptext30                                      text30       00800
__ptext31                                      text31       00DCA
__ptext32                                      text32       01B87
__ptext33                                      text33       01B3B
__ptext34                                      text34       01AE6
__ptext35                                      text35       007DA
__ptext36                                      text36       01AC5
__ptext37                                      text37       01ABC
__ptext38                                      text38       01AB3
__ptext39                                      text39       01B15
__ptext4                                       text4        01C27
__ptext40                                      text40       01B03
__ptext41                                      text41       01AAE
__ptext42                                      text42       01ACE
__ptext43                                      text43       01AF4
__ptext44                                      text44       0055B
__ptext45                                      text45       01E1F
__ptext46                                      text46       0114E
__ptext47                                      text47       01775
__ptext49                                      text49       0043B
__ptext5                                       text5        01BE5
__ptext50                                      text50       01C05
__ptext51                                      text51       01BA5
__ptext52                                      text52       01C96
__ptext53                                      text53       01B4F
__ptext54                                      text54       00C75
__ptext55                                      text55       01033
__ptext56                                      text56       01CF0
__ptext57                                      text57       01FAC
__ptext58                                      text58       00B33
__ptext59                                      text59       01089
__ptext6                                       text6        01D4D
__ptext60                                      text60       015D8
__ptext61                                      text61       00971
__ptext62                                      text62       00F36
__ptext63                                      text63       011B3
__ptext64                                      text64       016EA
__ptext65                                      text65       001BF
__ptext66                                      text66       01D7C
__ptext67                                      text67       01287
__ptext68                                      text68       01DAE
__ptext69                                      text69       01660
__ptext7                                       text7        01BC5
__ptext70                                      text70       01C49
__ptext71                                      text71       01ED2
__ptext72                                      text72       01DE5
__ptext73                                      text73       00D1E
__ptext74                                      text74       013E2
__ptext75                                      text75       0145C
__ptext76                                      text76       0136B
__ptext8                                       text8        00804
__ptext9                                       text9        01D1E
__size_of_CDCInitEP                            (abs)        00000
__size_of_CDCRxService                         (abs)        00000
__size_of_CDCTxService                         (abs)        00000
__size_of_EUSART_Initialize                    (abs)        00000
__size_of_EUSART_Read                          (abs)        00000
__size_of_EUSART_SetErrorHandler               (abs)        00000
__size_of_EUSART_SetFramingErrorHandler        (abs)        00000
__size_of_EUSART_SetOverrunErrorHandler        (abs)        00000
__size_of_EUSART_Write                         (abs)        00000
__size_of_EUSART_is_rx_ready                   (abs)        00000
__size_of_EUSART_is_tx_ready                   (abs)        00000
__size_of_INTERRUPT_InterruptManager           (abs)        00000
__size_of_OSCILLATOR_Initialize                (abs)        00000
__size_of_PIN_MANAGER_Initialize               (abs)        00000
__size_of_Reset                                (abs)        00000
__size_of_SYSTEM_Initialize                    (abs)        00000
__size_of_USBCheckCDCRequest                   (abs)        00000
__size_of_USBCheckStdRequest                   (abs)        00000
__size_of_USBConfigureEndpoint                 (abs)        00000
__size_of_USBCtrlEPAllowDataStage              (abs)        00000
__size_of_USBCtrlEPAllowStatusStage            (abs)        00000
__size_of_USBCtrlEPService                     (abs)        00000
__size_of_USBCtrlEPServiceComplete             (abs)        00000
__size_of_USBCtrlTrfInHandler                  (abs)        00000
__size_of_USBCtrlTrfOutHandler                 (abs)        00000
__size_of_USBCtrlTrfRxService                  (abs)        00000
__size_of_USBCtrlTrfSetupHandler               (abs)        00000
__size_of_USBCtrlTrfTxService                  (abs)        00000
__size_of_USBDeviceAttach                      (abs)        00000
__size_of_USBDeviceInit                        (abs)        00000
__size_of_USBDeviceTasks                       (abs)        00000
__size_of_USBEnableEndpoint                    (abs)        00000
__size_of_USBIncrement1msInternalTimers        (abs)        00000
__size_of_USBStallHandler                      (abs)        00000
__size_of_USBStdFeatureReqHandler              (abs)        00000
__size_of_USBStdGetDscHandler                  (abs)        00000
__size_of_USBStdGetStatusHandler               (abs)        00000
__size_of_USBStdSetCfgHandler                  (abs)        00000
__size_of_USBSuspend                           (abs)        00000
__size_of_USBTransferOnePacket                 (abs)        00000
__size_of_USBWakeFromSuspend                   (abs)        00000
__size_of_USER_USB_CALLBACK_EVENT_HANDLER      (abs)        00000
__size_of_WDT_Initialize                       (abs)        00000
__size_of_getsUSBUSART                         (abs)        00000
__size_of_main                                 (abs)        00000
__size_of_memcpy                               (abs)        00000
__size_of_memset                               (abs)        00000
__size_of_putUSBUSART                          (abs)        00000
__size_of_readUSBUART                          (abs)        00000
__size_ofi1_CDCInitEP                          (abs)        00000
__size_ofi1_USBCheckCDCRequest                 (abs)        00000
__size_ofi1_USBCheckStdRequest                 (abs)        00000
__size_ofi1_USBConfigureEndpoint               (abs)        00000
__size_ofi1_USBCtrlEPAllowDataStage            (abs)        00000
__size_ofi1_USBCtrlEPAllowStatusStage          (abs)        00000
__size_ofi1_USBCtrlEPService                   (abs)        00000
__size_ofi1_USBCtrlEPServiceComplete           (abs)        00000
__size_ofi1_USBCtrlTrfInHandler                (abs)        00000
__size_ofi1_USBCtrlTrfOutHandler               (abs)        00000
__size_ofi1_USBCtrlTrfRxService                (abs)        00000
__size_ofi1_USBCtrlTrfSetupHandler             (abs)        00000
__size_ofi1_USBCtrlTrfTxService                (abs)        00000
__size_ofi1_USBDeviceInit                      (abs)        00000
__size_ofi1_USBDeviceTasks                     (abs)        00000
__size_ofi1_USBEnableEndpoint                  (abs)        00000
__size_ofi1_USBIncrement1msInternalTimers      (abs)        00000
__size_ofi1_USBStallHandler                    (abs)        00000
__size_ofi1_USBStdFeatureReqHandler            (abs)        00000
__size_ofi1_USBStdGetDscHandler                (abs)        00000
__size_ofi1_USBStdGetStatusHandler             (abs)        00000
__size_ofi1_USBStdSetCfgHandler                (abs)        00000
__size_ofi1_USBSuspend                         (abs)        00000
__size_ofi1_USBTransferOnePacket               (abs)        00000
__size_ofi1_USBWakeFromSuspend                 (abs)        00000
__size_ofi1_USER_USB_CALLBACK_EVENT_HANDLER    (abs)        00000
__size_ofi1_memcpy                             (abs)        00000
__size_ofi1_memset                             (abs)        00000
_cdc_data_rx                                   (abs)        020C0
_cdc_data_tx                                   (abs)        02080
_cdc_mem_type                                  bssBANK3     001D8
_cdc_rx_len                                    bssBANK3     001DB
_cdc_trf_state                                 bssBANK3     001DA
_cdc_tx_len                                    bssBANK3     001D9
_configDescriptor1                             stringtext3  01800
_controlTransferState                          bssBANK1     000C7
_control_signal_bitmap                         bssBANK3     001D7
_device_dsc                                    stringtext5  0185D
_dummy_encapsulated_cmd_response               bssBANK5     002B4
_endpoint_number                               bssBANK3     001E4
_ep_data_in                                    bssBANK3     001CF
_ep_data_out                                   bssBANK3     001CC
_eusartRxLastError                             bssBANK3     001D6
_getsUSBUSART                                  text46       0114E
_inPipes                                       bssBANK3     001C3
_line_coding                                   bssBANK4     00267
_main                                          maintext     00710
_memcpy                                        text9        01D1E
_memset                                        text15       00645
_outPipes                                      bssBANK3     001B0
_pBDTEntryEP0OutCurrent                        bssBANK1     000C8
_pBDTEntryEP0OutNext                           bssBANK1     000C5
_pBDTEntryIn                                   bssBANK3     001B7
_pBDTEntryOut                                  bssBANK3     001BD
_pCDCDst                                       bssBANK4     00262
_pCDCSrc                                       bssBANK4     00264
_pDst                                          bssBANK3     001E7
_putUSBUSART                                   text2        01B6B
_readUSBUART                                   text1        01CC3
_sd000                                         stringtext7  01881
_sd001                                         stringtext6  0186F
_sd002                                         stringtext4  01843
_shortPacketStatus                             bssBANK3     001E8
btemp                                          (abs)        0007E
clear_ram0                                     clrtext      01ADA
end_of_initialization                          cinit        0004E
getsUSBUSART@buffer                            cstackBANK1  000B3
getsUSBUSART@len                               cstackBANK1  000B0
i1USBConfigureEndpoint@EPNum                   cstackCOMMON 00075
i1USBConfigureEndpoint@direction               cstackCOMMON 00070
i1USBConfigureEndpoint@handle                  cstackCOMMON 00076
i1USBCtrlTrfInHandler@lastDTS                  cstackCOMMON 00075
i1USBCtrlTrfRxService@byteToRead               cstackCOMMON 00075
i1USBCtrlTrfRxService@i                        cstackCOMMON 00074
i1USBCtrlTrfTxService@byteToSend               cstackCOMMON 00072
i1USBDeviceInit@i                              cstackCOMMON 00074
i1USBDeviceInit@i_722                          cstackCOMMON 00073
i1USBDeviceInit@p                              cstackCOMMON 00071
i1USBDeviceTasks@i                             cstackBANK1  000A4
i1USBEnableEndpoint@ep                         cstackCOMMON 0007C
i1USBEnableEndpoint@options                    cstackCOMMON 00077
i1USBEnableEndpoint@p                          cstackCOMMON 0007A
i1USBStdFeatureReqHandler@current_ep_data      cstackBANK0  0006A
i1USBStdFeatureReqHandler@p                    cstackBANK0  0006B
i1USBStdFeatureReqHandler@pUEP                 cstackBANK0  00068
i1USBStdGetStatusHandler@p                     cstackCOMMON 00072
i1USBStdSetCfgHandler@i                        cstackBANK0  0006A
i1USBStdSetCfgHandler@i_1457                   cstackBANK0  00069
i1USBStdSetCfgHandler@p                        cstackBANK0  00067
i1USBTransferOnePacket@data                    cstackCOMMON 00071
i1USBTransferOnePacket@dir                     cstackCOMMON 00070
i1USBTransferOnePacket@ep                      cstackCOMMON 00078
i1USBTransferOnePacket@handle                  cstackCOMMON 00079
i1USBTransferOnePacket@len                     cstackCOMMON 00073
i1USER_USB_CALLBACK_EVENT_HANDLER@event        cstackBANK0  00060
i1USER_USB_CALLBACK_EVENT_HANDLER@pdata        cstackBANK0  00062
i1USER_USB_CALLBACK_EVENT_HANDLER@size         cstackBANK0  00064
i1_CDCInitEP                                   text68       01DAE
i1_USBCheckCDCRequest                          text67       01287
i1_USBCheckStdRequest                          text60       015D8
i1_USBConfigureEndpoint                        text71       01ED2
i1_USBCtrlEPAllowDataStage                     text59       01089
i1_USBCtrlEPAllowStatusStage                   text74       013E2
i1_USBCtrlEPService                            text55       01033
i1_USBCtrlEPServiceComplete                    text58       00B33
i1_USBCtrlTrfInHandler                         text75       0145C
i1_USBCtrlTrfOutHandler                        text72       01DE5
i1_USBCtrlTrfRxService                         text73       00D1E
i1_USBCtrlTrfSetupHandler                      text57       01FAC
i1_USBCtrlTrfTxService                         text76       0136B
i1_USBDeviceInit                               text54       00C75
i1_USBDeviceTasks                              text49       0043B
i1_USBEnableEndpoint                           text70       01C49
i1_USBIncrement1msInternalTimers               text53       01B4F
i1_USBStallHandler                             text52       01C96
i1_USBStdFeatureReqHandler                     text65       001BF
i1_USBStdGetDscHandler                         text64       016EA
i1_USBStdGetStatusHandler                      text63       011B3
i1_USBStdSetCfgHandler                         text61       00971
i1_USBSuspend                                  text51       01BA5
i1_USBTransferOnePacket                        text69       01660
i1_USBWakeFromSuspend                          text50       01C05
i1_USER_USB_CALLBACK_EVENT_HANDLER             text66       01D7C
i1_memcpy                                      text56       01CF0
i1_memset                                      text62       00F36
i1memcpy@d                                     cstackCOMMON 00079
i1memcpy@d1                                    cstackCOMMON 00075
i1memcpy@n                                     cstackCOMMON 00072
i1memcpy@s                                     cstackCOMMON 00076
i1memcpy@s1                                    cstackCOMMON 00070
i1memcpy@tmp                                   cstackCOMMON 00078
i1memset@c                                     cstackCOMMON 00072
i1memset@dest                                  cstackCOMMON 00070
i1memset@k                                     cstackCOMMON 0007A
i1memset@n                                     cstackCOMMON 00074
i1memset@s                                     cstackCOMMON 0007C
int$flags                                      (abs)        0007E
intlevel0                                      functab      00000
intlevel1                                      functab      00000
intlevel2                                      functab      00000
intlevel3                                      functab      00000
intlevel4                                      functab      00000
intlevel5                                      functab      00000
main@byte                                      cstackBANK5  002C1
main@enable_uart_to_usb                        cstackBANK5  002BE
main@escape                                    cstackBANK5  002BF
main@write                                     cstackBANK5  002C0
main@writeBuffer                               bssBANK4     0026E
memcpy@d                                       cstackBANK1  000AE
memcpy@d1                                      cstackBANK1  000AD
memcpy@n                                       cstackBANK1  000A7
memcpy@s                                       cstackBANK1  000AB
memcpy@s1                                      cstackBANK1  000A5
memcpy@tmp                                     cstackBANK1  000AA
memset@c                                       cstackBANK1  000A7
memset@dest                                    cstackBANK1  000A5
memset@k                                       cstackBANK1  000AF
memset@n                                       cstackBANK1  000A9
memset@s                                       cstackBANK1  000B1
putUSBUSART@data                               cstackBANK1  000A7
putUSBUSART@length                             cstackBANK1  000A5
readUSBUART@byteOut                            cstackBANK1  000A6
readUSBUART@i                                  cstackBANK1  000A7
reset_vec                                      reset_vec    00000
start                                          init         00019
start_initialization                           cinit        0001B
wtemp0                                         (abs)        0007E


MODULE INFORMATION

Module		Function		Class		Link	Load	Size
C:\Program Files\Microchip\xc8\v2.32\pic\sources\c99\common\memset.c
		_memset        		CODE           	0645	0000	203

C:\Program Files\Microchip\xc8\v2.32\pic\sources\c99\common\memset.c estimated size: 203

mcc_generated_files/interrupt_manager.c
		_INTERRUPT_InterruptManager		CODE           	0004	0000	21

mcc_generated_files/interrupt_manager.c estimated size: 21

mcc_generated_files/pin_manager.c
		_PIN_MANAGER_Initialize		CODE           	1B3B	0000	20

mcc_generated_files/pin_manager.c estimated size: 20

C:\Program Files\Microchip\xc8\v2.32\pic\sources\c99\common\memcpy.c
		_memcpy        		CODE           	1D1E	0000	47

C:\Program Files\Microchip\xc8\v2.32\pic\sources\c99\common\memcpy.c estimated size: 47

mcc_generated_files/usb/usb_device_cdc.c
		_CDCTxService  		CODE           	055B	0000	234
		_CDCInitEP     		CODE           	1E93	0000	63
		_putUSBUSART   		CODE           	1B6B	0000	28
		_getsUSBUSART  		CODE           	114E	0000	101
		_USBCheckCDCRequest		CODE           	12F5	0000	118

mcc_generated_files/usb/usb_device_cdc.c estimated size: 544

shared
		i1_USBIncrement1msInternalTimers		CODE           	1B4F	0000	28
		_configDescriptor1		STRCODE        	1800	0000	67
		_USB_CD_Ptr    		STRCODE        	1885	0000	2
		_sd001         		STRCODE        	186F	0000	12
		i1_USBCtrlEPService		CODE           	1033	0000	86
		i1_USBCtrlEPServiceComplete		CODE           	0B33	0000	161
		i1_USBCtrlTrfSetupHandler		CODE           	1FAC	0000	84
		i1_USBCtrlEPAllowStatusStage		CODE           	13E2	0000	122
		_sd002         		STRCODE        	1843	0000	26
		i1_USBCtrlTrfOutHandler		CODE           	1DE5	0000	58
		i1_USBDeviceInit		CODE           	0C75	0000	169
		i1_USBWakeFromSuspend		CODE           	1C05	0000	34
		i1_USBConfigureEndpoint		CODE           	1ED2	0000	68
		i1_USBStdSetCfgHandler		CODE           	0971	0000	141
		i1_USBStdGetDscHandler		CODE           	16EA	0000	139
		__initialization		CODE           	001B	0000	51
		i1_USBStallHandler		CODE           	1C96	0000	45
		_device_dsc    		STRCODE        	185D	0000	18
		i1_USBStdGetStatusHandler		CODE           	11B3	0000	103
		i1_CDCInitEP   		CODE           	1DAE	0000	55
		i1_USER_USB_CALLBACK_EVENT_HANDLER		CODE           	1D7C	0000	50
		i1_USBStdFeatureReqHandler		CODE           	01BF	0000	347
		_USB_SD_Ptr    		STRCODE        	187B	0000	6
		i1_memset      		CODE           	0F36	0000	202
		i1_USBCheckCDCRequest		CODE           	1287	0000	110
		i1_USBEnableEndpoint		CODE           	1C49	0000	37
		i1_USBDeviceTasks		CODE           	043B	0000	288
		i1_USBCtrlTrfRxService		CODE           	0D1E	0000	172
		_sd000         		STRCODE        	1881	0000	4
		i1_USBCtrlTrfTxService		CODE           	136B	0000	119
		i1_USBCheckStdRequest		CODE           	15D8	0000	136
		i1_memcpy      		CODE           	1CF0	0000	46
		i1_USBTransferOnePacket		CODE           	1660	0000	138
		i1_USBCtrlTrfInHandler		CODE           	145C	0000	124
		i1_USBSuspend  		CODE           	1BA5	0000	32
		i1_USBCtrlEPAllowDataStage		CODE           	1089	0000	97

shared estimated size: 3377

mcc_generated_files/usb/usb_device_events.c
		_USER_USB_CALLBACK_EVENT_HANDLER		CODE           	1001	0000	50

mcc_generated_files/usb/usb_device_events.c estimated size: 50

mcc_generated_files/mcc.c
		_WDT_Initialize		CODE           	0800	0000	4
		_OSCILLATOR_Initialize		CODE           	1AE6	0000	14
		_SYSTEM_Initialize		CODE           	1B28	0000	19

mcc_generated_files/mcc.c estimated size: 37

mcc_generated_files/eusart.c
		_EUSART_Read   		CODE           	1AF4	0000	15
		_EUSART_Write  		CODE           	1ACE	0000	12
		_EUSART_Initialize		CODE           	07DA	0000	38
		_EUSART_SetFramingErrorHandler		CODE           	1ABC	0000	9
		_EUSART_SetErrorHandler		CODE           	1AB3	0000	9
		_EUSART_SetOverrunErrorHandler		CODE           	1AC5	0000	9
		_EUSART_is_rx_ready		CODE           	1AAE	0000	5
		_EUSART_is_tx_ready		CODE           	1B03	0000	18

mcc_generated_files/eusart.c estimated size: 115

main.c
		_main          		CODE           	0710	0000	202
		_Reset         		CODE           	1B15	0000	19
		_readUSBUART   		CODE           	1CC3	0000	45
		_CDCRxService  		CODE           	1E1F	0000	58

main.c estimated size: 324

mcc_generated_files/usb/usb_device.c
		_USBCtrlTrfInHandler		CODE           	1556	0000	130
		_USBTransferOnePacket		CODE           	1775	0000	139
		_USBDeviceAttach		CODE           	1B87	0000	30
		_USBStdGetDscHandler		CODE           	0A96	0000	157
		_USBCtrlEPAllowDataStage		CODE           	10EA	0000	100
		_USBStdFeatureReqHandler		CODE           	0052	0000	365
		_USBCtrlEPAllowStatusStage		CODE           	14D8	0000	126
		_USBCtrlTrfSetupHandler		CODE           	1F5B	0000	81
		_USBCtrlTrfOutHandler		CODE           	1E59	0000	58
		_USBCtrlEPServiceComplete		CODE           	0BD4	0000	161
		_USBSuspend    		CODE           	1BE5	0000	32
		_USBStdSetCfgHandler		CODE           	085A	0000	139
		_USBStdGetStatusHandler		CODE           	121A	0000	109
		_USBWakeFromSuspend		CODE           	1C27	0000	34
		_USBCtrlTrfRxService		CODE           	0E7D	0000	185
		_USBCtrlTrfTxService		CODE           	09FE	0000	152
		_USBEnableEndpoint		CODE           	1C6E	0000	40
		_USBConfigureEndpoint		CODE           	1F16	0000	69
		_USBDeviceInit 		CODE           	0DCA	0000	179
		_USBIncrement1msInternalTimers		CODE           	1BC5	0000	32
		_USBCtrlEPService		CODE           	0804	0000	86
		_USBStallHandler		CODE           	1D4D	0000	47
		_USBDeviceTasks		CODE           	031A	0000	289
		_USBCheckStdRequest		CODE           	08E5	0000	140

mcc_generated_files/usb/usb_device.c estimated size: 2880

