Microchip MPLAB XC8 Compiler V2.31

Linker command line:

-W-3 --edf=D:\Program Files\Microchip\xc8\v2.31\pic\dat\en_msgs.txt -cn \
  -h+dist/default/production\USB2UART.X.production.sym \
  --cmf=dist/default/production\USB2UART.X.production.cmf -z -Q16F1454 \
  -oC:\Users\leoja\AppData\Local\Temp\s4ro.2 --defsym=__MPLAB_BUILD=1 \
  -Mdist/default/production/USB2UART.X.production.map -E1 -ver=XC8 Compiler \
  --acfsm=1493 -ASTACK=02360h-023EFh -pstack=STACK -ACODE=00h-07FFhx4 \
  -ASTRCODE=00h-01FFFh -ASTRING=00h-0FFhx32 -ACONST=00h-0FFhx32 \
  -AENTRY=00h-0FFhx32 -ACOMMON=070h-07Fh -ABANK0=020h-06Fh \
  -ABANK1=0A0h-0EFh -ABANK2=0120h-016Fh -ABANK3=01A0h-01EFh \
  -ABANK4=0220h-026Fh -ABANK5=02A0h-02EFh -ABANK6=0320h-036Fh \
  -ABANK7=03A0h-03EFh -ABANK8=0420h-046Fh -ABANK9=04A0h-04EFh \
  -ABANK10=0520h-056Fh -ABANK11=05A0h-05EFh -ABANK12=0620h-064Fh \
  -ABIGRAM=02000h-023EFh \
  -ARAM=020h-06Fh,0A0h-0EFh,0120h-016Fh,01A0h-01EFh,0220h-026Fh,02A0h-02EFh,0320h-036Fh,03A0h-03EFh,0420h-046Fh,04A0h-04EFh,0520h-056Fh,05A0h-05EFh,0620h-064Fh \
  -AABS1=020h-07Fh,0A0h-0EFh,0120h-016Fh,01A0h-01EFh,0220h-026Fh,02A0h-02EFh,0320h-036Fh,03A0h-03EFh,0420h-046Fh,04A0h-04EFh,0520h-056Fh,05A0h-05EFh,0620h-064Fh \
  -ASFR0=00h-01Fh -ASFR1=080h-09Fh -ASFR2=0100h-011Fh -ASFR3=0180h-019Fh \
  -ASFR4=0200h-021Fh -ASFR5=0280h-029Fh -ASFR6=0300h-031Fh \
  -ASFR7=0380h-039Fh -ASFR8=0400h-041Fh -ASFR9=0480h-049Fh \
  -ASFR10=0500h-051Fh -ASFR11=0580h-059Fh -ASFR12=0600h-061Fh \
  -ASFR13=0680h-06EFh -ASFR14=0700h-076Fh -ASFR15=0780h-07EFh \
  -ASFR16=0800h-086Fh -ASFR17=0880h-08EFh -ASFR18=0900h-096Fh \
  -ASFR19=0980h-09EFh -ASFR20=0A00h-0A6Fh -ASFR21=0A80h-0AEFh \
  -ASFR22=0B00h-0B6Fh -ASFR23=0B80h-0BEFh -ASFR24=0C00h-0C6Fh \
  -ASFR25=0C80h-0CEFh -ASFR26=0D00h-0D6Fh -ASFR27=0D80h-0DEFh \
  -ASFR28=0E00h-0E6Fh -ASFR29=0E80h-0EEFh -ASFR30=0F00h-0F6Fh \
  -ASFR31=0F80h-0FEFh -ACONFIG=08007h-08008h -DCONFIG=2 \
  -AIDLOC=08000h-08003h -DIDLOC=2 -DCODE=2 -DSTRCODE=2 -DSTRING=2 -DCONST=2 \
  -DENTRY=2 -preset_vec=00h,intentry=04h,init,end_init -ppowerup=CODE \
  -pcinit=CODE -pfunctab=ENTRY -k C:\Users\leoja\AppData\Local\Temp\s4ro.o \
  dist/default/production\USB2UART.X.production.o 

Object code version is 3.11

Machine type is 16F1454



                Name                               Link     Load   Length Selector   Space Scale
C:\Users\leoja\AppData\Local\Temp\s4ro.o
                end_init                             19       19        2        8       0
                reset_vec                             0        0        2        0       0
                config                             8007     8007        2        0       4
dist/default/production\USB2UART.X.production.o
                cinit                                1B       1B       71        8       0
                intentry                              4        4       15        8       0
                config                             8007     8007        2        0       4
                text75                             1401     1401       77     2802       0
                text74                             1569     1569       7C     2AD2       0
                text73                             14EF     14EF       7A     29DE       0
                text72                              DD1      DD1       AC     1BA2       0
                text71                             1E36     1E36       3A     3C6C       0
                text70                             1F26     1F26       44     3E4C       0
                text69                             1C40     1C40       25     3880       0
                text68                             16EB     16EB       8A     2DD6       0
                text67                             1DFF     1DFF       37     3BFE       0
                text66                             131D     131D       6E     263A       0
                text65                             1D9B     1D9B       32     3B36       0
                text64                              1F9      1F9      15B        8       0
                text63                             1775     1775       8B     2EEA       0
                text62                             11E0     11E0       67     23C0       0
                text61                              F36      F36       CA     1E6C       0
                text60                              A24      A24       8D     1448       0
                text59                             1663     1663       88     2CC6       0
                text58                             111B     111B       61     2236       0
                text57                              BE6      BE6       A1     17CC       0
                text56                             101B     101B       54     2036       0
                text55                             1CE0     1CE0       2E     39C0       0
                text54                             106F     106F       56     20DE       0
                text53                              D28      D28       A9     1A50       0
                text52                             1B45     1B45       1C     368A       0
                text51                             1CB3     1CB3       2D     3966       0
                text50                             1B9C     1B9C       20     3738       0
                text49                             1BFC     1BFC       22     37F8       0
                text48                              476      476      120        8       0
                text46                              882      882       8B     1104       0
                text45                             1247     1247       69     248E       0
                text44                             1EAA     1EAA       3D     3D54       0
                text43                              596      596       EA        8       0
                text42                             1B11     1B11        F     3622       0
                text41                             1ADF     1ADF        C     35BE       0
                text40                             1002     1002        5     2004       0
                text39                             1B20     1B20       12     3640       0
                text38                             1AB9     1AB9        9     3572       0
                text37                             1AC2     1AC2        9     3584       0
                text36                             1ACB     1ACB        9     3596       0
                text35                             1C65     1C65       26     38CA       0
                text34                             1B03     1B03        E     3606       0
                text33                             1007     1007       14     200E       0
                text32                             1B7E     1B7E       1E     36FC       0
                text31                              74B      74B       B3        8       0
                text30                             1AB5     1AB5        4     356A       0
                text29                             1B32     1B32       13     3664       0
                text28                              AB1      AB1       98     1562       0
                text27                              800      800       82     1000       0
                text26                             15E5     15E5       7E     2BCA       0
                text25                              E7D      E7D       B9     1CFA       0
                text24                             1E70     1E70       3A     3CE0       0
                text23                             1F6A     1F6A       45     3ED4       0
                text22                             1C8B     1C8B       28     3916       0
                text21                             1EE7     1EE7       3F     3DCE       0
                text20                             138B     138B       76     2716       0
                text19                             1DCD     1DCD       32     3B9A       0
                text18                               8C       8C      16D        8       0
                text17                              B49      B49       9D     1692       0
                text16                             12B0     12B0       6D     2560       0
                text15                              680      680       CB        8       0
                text14                              90D      90D       8B     121A       0
                text13                              998      998       8C     1330       0
                text12                             117C     117C       64     22F8       0
                text11                              C87      C87       A1     190E       0
                text10                             1FAF     1FAF       51     3F5E       0
                text9                              1D0E     1D0E       2F     3A1C       0
                text8                              10C5     10C5       56     218A       0
                text7                              1BBC     1BBC       20     3778       0
                text6                              1D3D     1D3D       2F     3A7A       0
                text5                              1BDC     1BDC       20     37B8       0
                text4                              1C1E     1C1E       22     383C       0
                text3                               354      354      122        8       0
                text2                              1D6C     1D6C       2F     3AD8       0
                text1                              1B61     1B61       1D     36C2       0
                maintext                           1478     1478       77     28F0       0
                cstackBANK0                          60       60       10       60       1
                cstackCOMMON                         70       70        E       70       1
                cstackBANK1                          A0       A0       25       A0       1
                cstackBANK3                         1EE      1EE        2      1B0       1
                cstackBANK4                         263      263        5      220       1
                clrtext                            1AEB     1AEB        C     35D6       0
                inittext                           1AF7     1AF7        C     35EE       0
                bssBANK10                           520      520       40      520       1
                bssBANK9                            4A0      4A0       40      4A0       1
                bssBANK8                            420      420       40      420       1
                bssBANK7                            3A0      3A0       40      3A0       1
                bssBANK6                            320      320       40      320       1
                bssBANK5                            2A0      2A0       40      2A0       1
                dataBANK4                           258      258        B      220       1
                bssBANK4                            220      220       38      220       1
                bssBANK3                            1B0      1B0       3E      1B0       1
                bssBANK1                             C5       C5        6       A0       1
                stringtext7                        18A9     18A9        4     3000       0
                stringtext6                        1891     1891       12     3000       0
                stringtext5                        1877     1877       1A     3000       0
                stringtext4                        1843     1843       34     3000       0
                stringtext3                        1800     1800       43     3000       0
                stringtext2                        18AD     18AD        2     3000       0
                stringtext1                        18A3     18A3        6     3000       0
                idataBANK4                         1AD4     1AD4        B     35A8       0

TOTAL           Name                               Link     Load   Length     Space
        CLASS   STACK          

        CLASS   CODE           
                end_init                             19       19        2         0
                cinit                                1B       1B       71         0
                intentry                              4        4       15         0
                reset_vec                             0        0        2         0
                text75                             1401     1401       77         0
                text74                             1569     1569       7C         0
                text73                             14EF     14EF       7A         0
                text72                              DD1      DD1       AC         0
                text71                             1E36     1E36       3A         0
                text70                             1F26     1F26       44         0
                text69                             1C40     1C40       25         0
                text68                             16EB     16EB       8A         0
                text67                             1DFF     1DFF       37         0
                text66                             131D     131D       6E         0
                text65                             1D9B     1D9B       32         0
                text64                              1F9      1F9      15B         0
                text63                             1775     1775       8B         0
                text62                             11E0     11E0       67         0
                text61                              F36      F36       CA         0
                text60                              A24      A24       8D         0
                text59                             1663     1663       88         0
                text58                             111B     111B       61         0
                text57                              BE6      BE6       A1         0
                text56                             101B     101B       54         0
                text55                             1CE0     1CE0       2E         0
                text54                             106F     106F       56         0
                text53                              D28      D28       A9         0
                text52                             1B45     1B45       1C         0
                text51                             1CB3     1CB3       2D         0
                text50                             1B9C     1B9C       20         0
                text49                             1BFC     1BFC       22         0
                text48                              476      476      120         0
                text46                              882      882       8B         0
                text45                             1247     1247       69         0
                text44                             1EAA     1EAA       3D         0
                text43                              596      596       EA         0
                text42                             1B11     1B11        F         0
                text41                             1ADF     1ADF        C         0
                text40                             1002     1002        5         0
                text39                             1B20     1B20       12         0
                text38                             1AB9     1AB9        9         0
                text37                             1AC2     1AC2        9         0
                text36                             1ACB     1ACB        9         0
                text35                             1C65     1C65       26         0
                text34                             1B03     1B03        E         0
                text33                             1007     1007       14         0
                text32                             1B7E     1B7E       1E         0
                text31                              74B      74B       B3         0
                text30                             1AB5     1AB5        4         0
                text29                             1B32     1B32       13         0
                text28                              AB1      AB1       98         0
                text27                              800      800       82         0
                text26                             15E5     15E5       7E         0
                text25                              E7D      E7D       B9         0
                text24                             1E70     1E70       3A         0
                text23                             1F6A     1F6A       45         0
                text22                             1C8B     1C8B       28         0
                text21                             1EE7     1EE7       3F         0
                text20                             138B     138B       76         0
                text19                             1DCD     1DCD       32         0
                text18                               8C       8C      16D         0
                text17                              B49      B49       9D         0
                text16                             12B0     12B0       6D         0
                text15                              680      680       CB         0
                text14                              90D      90D       8B         0
                text13                              998      998       8C         0
                text12                             117C     117C       64         0
                text11                              C87      C87       A1         0
                text10                             1FAF     1FAF       51         0
                text9                              1D0E     1D0E       2F         0
                text8                              10C5     10C5       56         0
                text7                              1BBC     1BBC       20         0
                text6                              1D3D     1D3D       2F         0
                text5                              1BDC     1BDC       20         0
                text4                              1C1E     1C1E       22         0
                text3                               354      354      122         0
                text2                              1D6C     1D6C       2F         0
                text1                              1B61     1B61       1D         0
                maintext                           1478     1478       77         0
                clrtext                            1AEB     1AEB        C         0
                inittext                           1AF7     1AF7        C         0
                idataBANK4                         1AD4     1AD4        B         0

        CLASS   STRCODE        
                stringtext7                        18A9     18A9        4         0
                stringtext6                        1891     1891       12         0
                stringtext5                        1877     1877       1A         0
                stringtext4                        1843     1843       34         0
                stringtext3                        1800     1800       43         0
                stringtext2                        18AD     18AD        2         0
                stringtext1                        18A3     18A3        6         0

        CLASS   STRING         

        CLASS   CONST          

        CLASS   ENTRY          

        CLASS   COMMON         
                cstackCOMMON                         70       70        E         1

        CLASS   BANK0          
                cstackBANK0                          60       60       10         1

        CLASS   BANK1          
                cstackBANK1                          A0       A0       25         1
                bssBANK1                             C5       C5        6         1

        CLASS   BANK2          

        CLASS   BANK3          
                cstackBANK3                         1EE      1EE        2         1
                bssBANK3                            1B0      1B0       3E         1

        CLASS   BANK4          
                cstackBANK4                         263      263        5         1
                dataBANK4                           258      258        B         1
                bssBANK4                            220      220       38         1

        CLASS   BANK5          
                bssBANK5                            2A0      2A0       40         1

        CLASS   BANK6          
                bssBANK6                            320      320       40         1

        CLASS   BANK7          
                bssBANK7                            3A0      3A0       40         1

        CLASS   BANK8          
                bssBANK8                            420      420       40         1

        CLASS   BANK9          
                bssBANK9                            4A0      4A0       40         1

        CLASS   BANK10         
                bssBANK10                           520      520       40         1

        CLASS   BANK11         

        CLASS   BANK12         

        CLASS   BIGRAM         

        CLASS   RAM            

        CLASS   ABS1           
                abs_s1                               20       20       40         1
                abs_s1                               7E       7E        2         1
                abs_s1                               D0       D0       20         1
                abs_s1                              120      120       50         1
                abs_s1                              1A0      1A0       10         1

        CLASS   SFR0           

        CLASS   SFR1           

        CLASS   SFR2           

        CLASS   SFR3           

        CLASS   SFR4           

        CLASS   SFR5           

        CLASS   SFR6           

        CLASS   SFR7           

        CLASS   SFR8           

        CLASS   SFR9           

        CLASS   SFR10          

        CLASS   SFR11          

        CLASS   SFR12          

        CLASS   SFR13          

        CLASS   SFR14          

        CLASS   SFR15          

        CLASS   SFR16          

        CLASS   SFR17          

        CLASS   SFR18          

        CLASS   SFR19          

        CLASS   SFR20          

        CLASS   SFR21          

        CLASS   SFR22          

        CLASS   SFR23          

        CLASS   SFR24          

        CLASS   SFR25          

        CLASS   SFR26          

        CLASS   SFR27          

        CLASS   SFR28          

        CLASS   SFR29          

        CLASS   SFR30          

        CLASS   SFR31          

        CLASS   CONFIG         
                config                             8007     8007        2         4

        CLASS   IDLOC          

        CLASS   BANK31         

        CLASS   BANK30         

        CLASS   BANK29         

        CLASS   BANK28         

        CLASS   BANK27         

        CLASS   BANK26         

        CLASS   BANK25         

        CLASS   BANK24         

        CLASS   BANK23         

        CLASS   BANK22         

        CLASS   BANK21         

        CLASS   BANK20         

        CLASS   BANK19         

        CLASS   BANK18         

        CLASS   BANK17         

        CLASS   BANK16         

        CLASS   BANK15         

        CLASS   BANK14         

        CLASS   BANK13         

        CLASS   EEDATA         



SEGMENTS        Name                           Load    Length   Top    Selector   Space  Class     Delta

                reset_vec                      000000  000002  000002         0       0  CODE        2
                intentry                       000004  0007FA  0007FE         8       0  CODE        2
                cstackBANK0                    000060  000010  000070        60       1  BANK0       1
                cstackCOMMON                   000070  00000E  00007E        70       1  COMMON      1
                cstackBANK1                    0000A0  00002B  0000CB        A0       1  BANK1       1
                bssBANK3                       0001B0  000040  0001F0       1B0       1  BANK3       1
                bssBANK4                       000220  000048  000268       220       1  BANK4       1
                bssBANK5                       0002A0  000040  0002E0       2A0       1  BANK5       1
                bssBANK6                       000320  000040  000360       320       1  BANK6       1
                bssBANK7                       0003A0  000040  0003E0       3A0       1  BANK7       1
                bssBANK8                       000420  000040  000460       420       1  BANK8       1
                bssBANK9                       0004A0  000040  0004E0       4A0       1  BANK9       1
                bssBANK10                      000520  000040  000560       520       1  BANK10      1
                text27                         000800  000082  000882      1000       0  CODE        2
                text46                         000882  00008B  00090D      1104       0  CODE        2
                text14                         00090D  00008B  000998      121A       0  CODE        2
                text13                         000998  00008C  000A24      1330       0  CODE        2
                text60                         000A24  00008D  000AB1      1448       0  CODE        2
                text28                         000AB1  000098  000B49      1562       0  CODE        2
                text17                         000B49  00009D  000BE6      1692       0  CODE        2
                text57                         000BE6  0000A1  000C87      17CC       0  CODE        2
                text11                         000C87  0000A1  000D28      190E       0  CODE        2
                text53                         000D28  0000A9  000DD1      1A50       0  CODE        2
                text72                         000DD1  0000AC  000E7D      1BA2       0  CODE        2
                text25                         000E7D  0000B9  000F36      1CFA       0  CODE        2
                text61                         000F36  0000CA  001000      1E6C       0  CODE        2
                text40                         001002  000005  001007      2004       0  CODE        2
                text33                         001007  000014  00101B      200E       0  CODE        2
                text56                         00101B  000054  00106F      2036       0  CODE        2
                text54                         00106F  000056  0010C5      20DE       0  CODE        2
                text8                          0010C5  000056  00111B      218A       0  CODE        2
                text58                         00111B  000061  00117C      2236       0  CODE        2
                text12                         00117C  000064  0011E0      22F8       0  CODE        2
                text62                         0011E0  000067  001247      23C0       0  CODE        2
                text45                         001247  000069  0012B0      248E       0  CODE        2
                text16                         0012B0  00006D  00131D      2560       0  CODE        2
                text66                         00131D  00006E  00138B      263A       0  CODE        2
                text20                         00138B  000076  001401      2716       0  CODE        2
                text75                         001401  000077  001478      2802       0  CODE        2
                maintext                       001478  000077  0014EF      28F0       0  CODE        2
                text73                         0014EF  00007A  001569      29DE       0  CODE        2
                text74                         001569  00007C  0015E5      2AD2       0  CODE        2
                text26                         0015E5  00007E  001663      2BCA       0  CODE        2
                text59                         001663  000088  0016EB      2CC6       0  CODE        2
                text68                         0016EB  00008A  001775      2DD6       0  CODE        2
                text63                         001775  00008B  001800      2EEA       0  CODE        2
                stringtext3                    001800  0000AF  0018AF      3000       0  STRCODE     2
                text30                         001AB5  000004  001AB9      356A       0  CODE        2
                text38                         001AB9  000009  001AC2      3572       0  CODE        2
                text37                         001AC2  000009  001ACB      3584       0  CODE        2
                text36                         001ACB  000009  001AD4      3596       0  CODE        2
                idataBANK4                     001AD4  00000B  001ADF      35A8       0  CODE        2
                text41                         001ADF  00000C  001AEB      35BE       0  CODE        2
                clrtext                        001AEB  00000C  001AF7      35D6       0  CODE        2
                inittext                       001AF7  00000C  001B03      35EE       0  CODE        2
                text34                         001B03  00000E  001B11      3606       0  CODE        2
                text42                         001B11  00000F  001B20      3622       0  CODE        2
                text39                         001B20  000012  001B32      3640       0  CODE        2
                text29                         001B32  000013  001B45      3664       0  CODE        2
                text52                         001B45  00001C  001B61      368A       0  CODE        2
                text1                          001B61  00001D  001B7E      36C2       0  CODE        2
                text32                         001B7E  00001E  001B9C      36FC       0  CODE        2
                text50                         001B9C  000020  001BBC      3738       0  CODE        2
                text7                          001BBC  000020  001BDC      3778       0  CODE        2
                text5                          001BDC  000020  001BFC      37B8       0  CODE        2
                text49                         001BFC  000022  001C1E      37F8       0  CODE        2
                text4                          001C1E  000022  001C40      383C       0  CODE        2
                text69                         001C40  000025  001C65      3880       0  CODE        2
                text35                         001C65  000026  001C8B      38CA       0  CODE        2
                text22                         001C8B  000028  001CB3      3916       0  CODE        2
                text51                         001CB3  00002D  001CE0      3966       0  CODE        2
                text55                         001CE0  00002E  001D0E      39C0       0  CODE        2
                text9                          001D0E  00002F  001D3D      3A1C       0  CODE        2
                text6                          001D3D  00002F  001D6C      3A7A       0  CODE        2
                text2                          001D6C  00002F  001D9B      3AD8       0  CODE        2
                text65                         001D9B  000032  001DCD      3B36       0  CODE        2
                text19                         001DCD  000032  001DFF      3B9A       0  CODE        2
                text67                         001DFF  000037  001E36      3BFE       0  CODE        2
                text71                         001E36  00003A  001E70      3C6C       0  CODE        2
                text24                         001E70  00003A  001EAA      3CE0       0  CODE        2
                text44                         001EAA  00003D  001EE7      3D54       0  CODE        2
                text21                         001EE7  00003F  001F26      3DCE       0  CODE        2
                text70                         001F26  000044  001F6A      3E4C       0  CODE        2
                text23                         001F6A  000045  001FAF      3ED4       0  CODE        2
                text10                         001FAF  000051  002000      3F5E       0  CODE        2


UNUSED ADDRESS RANGES

        Name                Unused          Largest block    Delta
        BANK1            000CB-000CF               5           1
        BANK10           00560-0056F              10           1
        BANK11           005A0-005EF              50           1
        BANK12           00620-0064F              30           1
        BANK4            00268-0026F               8           1
        BANK5            002E0-002EF              10           1
        BANK6            00360-0036F              10           1
        BANK7            003E0-003EF              10           1
        BANK8            00460-0046F              10           1
        BANK9            004E0-004EF              10           1
        BIGRAM           02000-023EF             3F0           1
        CODE             00002-00003               2           2
                         007FE-007FF               2
                         01000-01001               2
                         018AF-01AB4             206
        CONST            00002-00003               2           2
                         007FE-007FF               2
                         01000-01001               2
                         018AF-01AB4             100
        ENTRY            00002-00003               2           2
                         007FE-007FF               2
                         01000-01001               2
                         018AF-01AB4             100
        IDLOC            08000-08003               4           2
        RAM              000CB-000CF               5           1
                         00268-0026F               8
                         002E0-002EF              10
                         00360-0036F              10
                         003E0-003EF              10
                         00460-0046F              10
                         004E0-004EF              10
                         00560-0056F              10
                         005A0-005EF              50
                         00620-0064F              30
        SFR0             00000-0001F              20           1
        SFR1             00080-0009F              20           1
        SFR10            00500-0051F              20           1
        SFR11            00580-0059F              20           1
        SFR12            00600-0061F              20           1
        SFR13            00680-006EF              70           1
        SFR14            00700-0076F              70           1
        SFR15            00780-007EF              70           1
        SFR16            00800-0086F              70           1
        SFR17            00880-008EF              70           1
        SFR18            00900-0096F              70           1
        SFR19            00980-009EF              70           1
        SFR2             00100-0011F              20           1
        SFR20            00A00-00A6F              70           1
        SFR21            00A80-00AEF              70           1
        SFR22            00B00-00B6F              70           1
        SFR23            00B80-00BEF              70           1
        SFR24            00C00-00C6F              70           1
        SFR25            00C80-00CEF              70           1
        SFR26            00D00-00D6F              70           1
        SFR27            00D80-00DEF              70           1
        SFR28            00E00-00E6F              70           1
        SFR29            00E80-00EEF              70           1
        SFR3             00180-0019F              20           1
        SFR30            00F00-00F6F              70           1
        SFR31            00F80-00FEF              70           1
        SFR4             00200-0021F              20           1
        SFR5             00280-0029F              20           1
        SFR6             00300-0031F              20           1
        SFR7             00380-0039F              20           1
        SFR8             00400-0041F              20           1
        SFR9             00480-0049F              20           1
        STACK            02360-023EF              90           1
        STRCODE          00002-00003               2           2
                         007FE-007FF               2
                         01000-01001               2
                         018AF-01AB4             206
        STRING           00002-00003               2           2
                         007FE-007FF               2
                         01000-01001               2
                         018AF-01AB4             100

                                  Symbol Table

?_USBTransferOnePacket                         cstackBANK1  000A5
?i1_USBTransferOnePacket                       cstackCOMMON 00070
CDCRxService@i                                 cstackBANK1  000BB
CDCTxService@byte_to_send                      cstackBANK1  000B2
CDCTxService@i                                 cstackBANK1  000B1
EUSART_SetErrorHandler@interruptHandler        cstackBANK1  000A5
EUSART_SetFramingErrorHandler@interruptHandler cstackBANK1  000A5
EUSART_SetOverrunErrorHandler@interruptHandler cstackBANK1  000A5
EUSART_Write@txData                            cstackBANK1  000A5
USBConfigureEndpoint@EPNum                     cstackBANK1  000AA
USBConfigureEndpoint@direction                 cstackBANK1  000A5
USBConfigureEndpoint@handle                    cstackBANK1  000AB
USBCtrlTrfInHandler@lastDTS                    cstackBANK1  000AA
USBCtrlTrfRxService@byteToRead                 cstackBANK1  000AA
USBCtrlTrfRxService@i                          cstackBANK1  000A9
USBCtrlTrfTxService@byteToSend                 cstackBANK1  000A7
USBDeviceInit@i                                cstackBANK1  000A9
USBDeviceInit@i_771                            cstackBANK1  000A8
USBDeviceInit@p                                cstackBANK1  000A6
USBDeviceTasks@i                               cstackBANK4  00263
USBEnableEndpoint@ep                           cstackBANK1  000B1
USBEnableEndpoint@options                      cstackBANK1  000AC
USBEnableEndpoint@p                            cstackBANK1  000AF
USBStdFeatureReqHandler@current_ep_data        cstackBANK1  000BD
USBStdFeatureReqHandler@p                      cstackBANK1  000BE
USBStdFeatureReqHandler@pUEP                   cstackBANK1  000BB
USBStdGetStatusHandler@p                       cstackBANK1  000A7
USBStdSetCfgHandler@i                          cstackBANK1  000BD
USBStdSetCfgHandler@i_1499                     cstackBANK1  000BC
USBStdSetCfgHandler@p                          cstackBANK1  000BA
USBTransferOnePacket@data                      cstackBANK1  000A6
USBTransferOnePacket@dir                       cstackBANK1  000A5
USBTransferOnePacket@ep                        cstackBANK1  000AD
USBTransferOnePacket@handle                    cstackBANK1  000AE
USBTransferOnePacket@len                       cstackBANK1  000A8
USER_USB_CALLBACK_EVENT_HANDLER@event          cstackBANK1  000B3
USER_USB_CALLBACK_EVENT_HANDLER@pdata          cstackBANK1  000B5
USER_USB_CALLBACK_EVENT_HANDLER@size           cstackBANK1  000B7
_ACTCON                                        (abs)        0039B
_ANSELA                                        (abs)        0018C
_ANSELC                                        (abs)        0018E
_APFCON                                        (abs)        0011D
_BAUDCON                                       (abs)        0019F
_BDT                                           (abs)        00020
_BORCON                                        (abs)        00116
_BothEP0OutUOWNsSet                            bssBANK3     001E4
_CDCDataInHandle                               bssBANK3     001D2
_CDCDataOutHandle                              bssBANK3     001D4
_CDCInitEP                                     text21       01EE7
_CDCRxBuffer                                   bssBANK5     002A0
_CDCRxLength                                   bssBANK3     001D7
_CDCRxService                                  text44       01EAA
_CDCTxService                                  text43       00596
_CtrlTrfData                                   (abs)        00058
_EUSART_DefaultErrorHandler                    (abs)        00000
_EUSART_DefaultFramingErrorHandler             (abs)        00000
_EUSART_DefaultOverrunErrorHandler             (abs)        00000
_EUSART_ErrorHandler                           bssBANK4     00232
_EUSART_FramingErrorHandler                    bssBANK4     00236
_EUSART_Initialize                             text35       01C65
_EUSART_OverrunErrorHandler                    bssBANK4     00234
_EUSART_Read                                   text42       01B11
_EUSART_SetErrorHandler                        text38       01AB9
_EUSART_SetFramingErrorHandler                 text37       01AC2
_EUSART_SetOverrunErrorHandler                 text36       01ACB
_EUSART_Write                                  text41       01ADF
_EUSART_is_rx_ready                            text40       01002
_EUSART_is_tx_ready                            text39       01B20
_EUSART_is_tx_ready$2435                       cstackBANK1  000A5
_GPBuf                                         bssBANK3     001D6
_GPBuffer                                      bssBANK9     004A0
_INTCONbits                                    (abs)        0000B
_INTERRUPT_InterruptManager                    intentry     00004
_LATA                                          (abs)        0010C
_LATC                                          (abs)        0010E
_OPTION_REGbits                                (abs)        00095
_OSCCON                                        (abs)        00099
_OSCILLATOR_Initialize                         text34       01B03
_OSCTUNE                                       (abs)        00098
_PIE2bits                                      (abs)        00092
_PIN_MANAGER_Initialize                        text33       01007
_PIR1bits                                      (abs)        00011
_PIR2bits                                      (abs)        00012
_PLLRDY                                        (abs)        004D6
_RCREG                                         (abs)        00199
_RCSTA                                         (abs)        0019D
_RCSTAbits                                     (abs)        0019D
_RemoteWakeup                                  bssBANK3     001E7
_SPBRGH                                        (abs)        0019C
_SPBRGL                                        (abs)        0019B
_SYSTEM_Initialize                             text29       01B32
_SetupPkt                                      (abs)        00050
_TRISA                                         (abs)        0008C
_TRISC                                         (abs)        0008E
_TXREG                                         (abs)        0019A
_TXSTA                                         (abs)        0019E
_TXSTAbits                                     (abs)        0019E
_UADDR                                         (abs)        00E96
_UCFG                                          (abs)        00E91
_UCON                                          (abs)        00E8E
_UCONbits                                      (abs)        00E8E
_UEIE                                          (abs)        00E97
_UEIR                                          (abs)        00E93
_UEP0                                          (abs)        00E98
_UEP0bits                                      (abs)        00E98
_UEP1                                          (abs)        00E99
_UIE                                           (abs)        00E92
_UIEbits                                       (abs)        00E92
_UIR                                           (abs)        00E90
_UIRbits                                       (abs)        00E90
_USB1msTickCount                               bssBANK3     001C8
_USBActiveConfiguration                        bssBANK3     001ED
_USBAlternateInterface                         bssBANK3     001EB
_USBBusIsSuspended                             bssBANK3     001E6
_USBCheckCDCRequest                            text20       0138B
_USBCheckStdRequest                            text13       00998
_USBConfigureEndpoint                          text23       01F6A
_USBCtrlEPAllowDataStage                       text12       0117C
_USBCtrlEPAllowStatusStage                     text26       015E5
_USBCtrlEPService                              text8        010C5
_USBCtrlEPServiceComplete                      text11       00C87
_USBCtrlTrfInHandler                           text27       00800
_USBCtrlTrfOutHandler                          text24       01E70
_USBCtrlTrfRxService                           text25       00E7D
_USBCtrlTrfSetupHandler                        text10       01FAF
_USBCtrlTrfTxService                           text28       00AB1
_USBDeferINDataStagePackets                    bssBANK3     001DF
_USBDeferOUTDataStagePackets                   bssBANK3     001DE
_USBDeferStatusStagePacket                     bssBANK3     001E2
_USBDeviceAttach                               text32       01B7E
_USBDeviceInit                                 text31       0074B
_USBDeviceState                                bssBANK1     000C9
_USBDeviceTasks                                text3        00354
_USBEnableEndpoint                             text22       01C8B
_USBIncrement1msInternalTimers                 text7        01BBC
_USBStallHandler                               text6        01D3D
_USBStatusStageEnabledFlag1                    bssBANK3     001E1
_USBStatusStageEnabledFlag2                    bssBANK3     001E0
_USBStatusStageTimeoutCounter                  bssBANK3     001E3
_USBStdFeatureReqHandler                       text18       0008C
_USBStdGetDscHandler                           text17       00B49
_USBStdGetStatusHandler                        text16       012B0
_USBStdSetCfgHandler                           text14       0090D
_USBSuspend                                    text5        01BDC
_USBTicksSinceSuspendEnd                       bssBANK3     001DD
_USBTransferOnePacket                          text46       00882
_USBWakeFromSuspend                            text4        01C1E
_USB_CD_Ptr                                    stringtext2  018AD
_USB_SD_Ptr                                    stringtext1  018A3
_USER_USB_CALLBACK_EVENT_HANDLER               text19       01DCD
_USTAT                                         (abs)        00E8F
_USTATcopy                                     bssBANK1     000CA
_WDTCON                                        (abs)        00097
_WDT_Initialize                                text30       01AB5
_WPUA                                          (abs)        0020C
__Habs1                                        abs1         00000
__Hbank0                                       bank0        00000
__Hbank1                                       bank1        00000
__Hbank10                                      bank10       00000
__Hbank11                                      bank11       00000
__Hbank12                                      bank12       00000
__Hbank13                                      bank13       00000
__Hbank14                                      bank14       00000
__Hbank15                                      bank15       00000
__Hbank16                                      bank16       00000
__Hbank17                                      bank17       00000
__Hbank18                                      bank18       00000
__Hbank19                                      bank19       00000
__Hbank2                                       bank2        00000
__Hbank20                                      bank20       00000
__Hbank21                                      bank21       00000
__Hbank22                                      bank22       00000
__Hbank23                                      bank23       00000
__Hbank24                                      bank24       00000
__Hbank25                                      bank25       00000
__Hbank26                                      bank26       00000
__Hbank27                                      bank27       00000
__Hbank28                                      bank28       00000
__Hbank29                                      bank29       00000
__Hbank3                                       bank3        00000
__Hbank30                                      bank30       00000
__Hbank31                                      bank31       00000
__Hbank4                                       bank4        00000
__Hbank5                                       bank5        00000
__Hbank6                                       bank6        00000
__Hbank7                                       bank7        00000
__Hbank8                                       bank8        00000
__Hbank9                                       bank9        00000
__Hbigram                                      bigram       00000
__HbssBANK1                                    bssBANK1     00000
__HbssBANK10                                   bssBANK10    00000
__HbssBANK3                                    bssBANK3     00000
__HbssBANK4                                    bssBANK4     00000
__HbssBANK5                                    bssBANK5     00000
__HbssBANK6                                    bssBANK6     00000
__HbssBANK7                                    bssBANK7     00000
__HbssBANK8                                    bssBANK8     00000
__HbssBANK9                                    bssBANK9     00000
__Hcinit                                       cinit        0008C
__Hclrtext                                     clrtext      00000
__Hcode                                        code         00000
__Hcommon                                      common       00000
__Hconfig                                      config       08009
__HcstackBANK0                                 cstackBANK0  00000
__HcstackBANK1                                 cstackBANK1  00000
__HcstackBANK3                                 cstackBANK3  00000
__HcstackBANK4                                 cstackBANK4  00000
__HcstackCOMMON                                cstackCOMMON 00000
__HdataBANK4                                   dataBANK4    00000
__Heeprom_data                                 eeprom_data  00000
__Hend_init                                    end_init     0001B
__Hfunctab                                     functab      00000
__HidataBANK4                                  idataBANK4   00000
__Hinit                                        init         00019
__Hinittext                                    inittext     00000
__Hintentry                                    intentry     00019
__Hmaintext                                    maintext     00000
__Hpowerup                                     powerup      00000
__Hram                                         ram          00000
__Hreset_vec                                   reset_vec    00002
__Hsfr0                                        sfr0         00000
__Hsfr1                                        sfr1         00000
__Hsfr10                                       sfr10        00000
__Hsfr11                                       sfr11        00000
__Hsfr12                                       sfr12        00000
__Hsfr13                                       sfr13        00000
__Hsfr14                                       sfr14        00000
__Hsfr15                                       sfr15        00000
__Hsfr16                                       sfr16        00000
__Hsfr17                                       sfr17        00000
__Hsfr18                                       sfr18        00000
__Hsfr19                                       sfr19        00000
__Hsfr2                                        sfr2         00000
__Hsfr20                                       sfr20        00000
__Hsfr21                                       sfr21        00000
__Hsfr22                                       sfr22        00000
__Hsfr23                                       sfr23        00000
__Hsfr24                                       sfr24        00000
__Hsfr25                                       sfr25        00000
__Hsfr26                                       sfr26        00000
__Hsfr27                                       sfr27        00000
__Hsfr28                                       sfr28        00000
__Hsfr29                                       sfr29        00000
__Hsfr3                                        sfr3         00000
__Hsfr30                                       sfr30        00000
__Hsfr31                                       sfr31        00000
__Hsfr4                                        sfr4         00000
__Hsfr5                                        sfr5         00000
__Hsfr6                                        sfr6         00000
__Hsfr7                                        sfr7         00000
__Hsfr8                                        sfr8         00000
__Hsfr9                                        sfr9         00000
__Hspace_0                                     (abs)        02000
__Hspace_1                                     (abs)        00560
__Hspace_2                                     (abs)        00000
__Hspace_3                                     (abs)        00000
__Hspace_4                                     (abs)        10010
__Hstack                                       stack        00000
__Hstrings                                     strings      00000
__Hstringtext1                                 stringtext1  00000
__Hstringtext2                                 stringtext2  00000
__Hstringtext3                                 stringtext3  00000
__Hstringtext4                                 stringtext4  00000
__Hstringtext5                                 stringtext5  00000
__Hstringtext6                                 stringtext6  00000
__Hstringtext7                                 stringtext7  00000
__Htext                                        text         00000
__Labs1                                        abs1         00000
__Lbank0                                       bank0        00000
__Lbank1                                       bank1        00000
__Lbank10                                      bank10       00000
__Lbank11                                      bank11       00000
__Lbank12                                      bank12       00000
__Lbank13                                      bank13       00000
__Lbank14                                      bank14       00000
__Lbank15                                      bank15       00000
__Lbank16                                      bank16       00000
__Lbank17                                      bank17       00000
__Lbank18                                      bank18       00000
__Lbank19                                      bank19       00000
__Lbank2                                       bank2        00000
__Lbank20                                      bank20       00000
__Lbank21                                      bank21       00000
__Lbank22                                      bank22       00000
__Lbank23                                      bank23       00000
__Lbank24                                      bank24       00000
__Lbank25                                      bank25       00000
__Lbank26                                      bank26       00000
__Lbank27                                      bank27       00000
__Lbank28                                      bank28       00000
__Lbank29                                      bank29       00000
__Lbank3                                       bank3        00000
__Lbank30                                      bank30       00000
__Lbank31                                      bank31       00000
__Lbank4                                       bank4        00000
__Lbank5                                       bank5        00000
__Lbank6                                       bank6        00000
__Lbank7                                       bank7        00000
__Lbank8                                       bank8        00000
__Lbank9                                       bank9        00000
__Lbigram                                      bigram       00000
__LbssBANK1                                    bssBANK1     00000
__LbssBANK10                                   bssBANK10    00000
__LbssBANK3                                    bssBANK3     00000
__LbssBANK4                                    bssBANK4     00000
__LbssBANK5                                    bssBANK5     00000
__LbssBANK6                                    bssBANK6     00000
__LbssBANK7                                    bssBANK7     00000
__LbssBANK8                                    bssBANK8     00000
__LbssBANK9                                    bssBANK9     00000
__Lcinit                                       cinit        0001B
__Lclrtext                                     clrtext      00000
__Lcode                                        code         00000
__Lcommon                                      common       00000
__Lconfig                                      config       00000
__LcstackBANK0                                 cstackBANK0  00000
__LcstackBANK1                                 cstackBANK1  00000
__LcstackBANK3                                 cstackBANK3  00000
__LcstackBANK4                                 cstackBANK4  00000
__LcstackCOMMON                                cstackCOMMON 00000
__LdataBANK4                                   dataBANK4    00000
__Leeprom_data                                 eeprom_data  00000
__Lend_init                                    end_init     00019
__Lfunctab                                     functab      00000
__LidataBANK4                                  idataBANK4   00000
__Linit                                        init         00019
__Linittext                                    inittext     00000
__Lintentry                                    intentry     00004
__Lmaintext                                    maintext     00000
__Lpowerup                                     powerup      00000
__Lram                                         ram          00000
__Lreset_vec                                   reset_vec    00000
__Lsfr0                                        sfr0         00000
__Lsfr1                                        sfr1         00000
__Lsfr10                                       sfr10        00000
__Lsfr11                                       sfr11        00000
__Lsfr12                                       sfr12        00000
__Lsfr13                                       sfr13        00000
__Lsfr14                                       sfr14        00000
__Lsfr15                                       sfr15        00000
__Lsfr16                                       sfr16        00000
__Lsfr17                                       sfr17        00000
__Lsfr18                                       sfr18        00000
__Lsfr19                                       sfr19        00000
__Lsfr2                                        sfr2         00000
__Lsfr20                                       sfr20        00000
__Lsfr21                                       sfr21        00000
__Lsfr22                                       sfr22        00000
__Lsfr23                                       sfr23        00000
__Lsfr24                                       sfr24        00000
__Lsfr25                                       sfr25        00000
__Lsfr26                                       sfr26        00000
__Lsfr27                                       sfr27        00000
__Lsfr28                                       sfr28        00000
__Lsfr29                                       sfr29        00000
__Lsfr3                                        sfr3         00000
__Lsfr30                                       sfr30        00000
__Lsfr31                                       sfr31        00000
__Lsfr4                                        sfr4         00000
__Lsfr5                                        sfr5         00000
__Lsfr6                                        sfr6         00000
__Lsfr7                                        sfr7         00000
__Lsfr8                                        sfr8         00000
__Lsfr9                                        sfr9         00000
__Lspace_0                                     (abs)        00000
__Lspace_1                                     (abs)        00000
__Lspace_2                                     (abs)        00000
__Lspace_3                                     (abs)        00000
__Lspace_4                                     (abs)        00000
__Lstack                                       stack        00000
__Lstrings                                     strings      00000
__Lstringtext1                                 stringtext1  00000
__Lstringtext2                                 stringtext2  00000
__Lstringtext3                                 stringtext3  00000
__Lstringtext4                                 stringtext4  00000
__Lstringtext5                                 stringtext5  00000
__Lstringtext6                                 stringtext6  00000
__Lstringtext7                                 stringtext7  00000
__Ltext                                        text         00000
__S0                                           (abs)        02000
__S1                                           (abs)        00560
__S2                                           (abs)        00000
___int_sp                                      stack        00000
___latbits                                     (abs)        00002
___sp                                          stack        00000
___stackhi                                     (abs)        023EF
___stacklo                                     (abs)        02360
__end_of_CDCInitEP                             text21       01F26
__end_of_CDCRxService                          text44       01EE7
__end_of_CDCTxService                          text43       00680
__end_of_EUSART_Initialize                     text35       01C8B
__end_of_EUSART_Read                           text42       01B20
__end_of_EUSART_SetErrorHandler                text38       01AC2
__end_of_EUSART_SetFramingErrorHandler         text37       01ACB
__end_of_EUSART_SetOverrunErrorHandler         text36       01AD4
__end_of_EUSART_Write                          text41       01AEB
__end_of_EUSART_is_rx_ready                    text40       01007
__end_of_EUSART_is_tx_ready                    text39       01B32
__end_of_INTERRUPT_InterruptManager            intentry     00019
__end_of_OSCILLATOR_Initialize                 text34       01B11
__end_of_PIN_MANAGER_Initialize                text33       0101B
__end_of_SYSTEM_Initialize                     text29       01B45
__end_of_USBCheckCDCRequest                    text20       01401
__end_of_USBCheckStdRequest                    text13       00A24
__end_of_USBConfigureEndpoint                  text23       01FAF
__end_of_USBCtrlEPAllowDataStage               text12       011E0
__end_of_USBCtrlEPAllowStatusStage             text26       01663
__end_of_USBCtrlEPService                      text8        0111B
__end_of_USBCtrlEPServiceComplete              text11       00D28
__end_of_USBCtrlTrfInHandler                   text27       00882
__end_of_USBCtrlTrfOutHandler                  text24       01EAA
__end_of_USBCtrlTrfRxService                   text25       00F36
__end_of_USBCtrlTrfSetupHandler                text10       02000
__end_of_USBCtrlTrfTxService                   text28       00B49
__end_of_USBDeviceAttach                       text32       01B9C
__end_of_USBDeviceInit                         text31       007FE
__end_of_USBDeviceTasks                        text3        00476
__end_of_USBEnableEndpoint                     text22       01CB3
__end_of_USBIncrement1msInternalTimers         text7        01BDC
__end_of_USBStallHandler                       text6        01D6C
__end_of_USBStdFeatureReqHandler               text18       001F9
__end_of_USBStdGetDscHandler                   text17       00BE6
__end_of_USBStdGetStatusHandler                text16       0131D
__end_of_USBStdSetCfgHandler                   text14       00998
__end_of_USBSuspend                            text5        01BFC
__end_of_USBTransferOnePacket                  text46       0090D
__end_of_USBWakeFromSuspend                    text4        01C40
__end_of_USB_CD_Ptr                            stringtext2  018AF
__end_of_USB_SD_Ptr                            stringtext1  018A9
__end_of_USER_USB_CALLBACK_EVENT_HANDLER       text19       01DFF
__end_of_WDT_Initialize                        text30       01AB9
__end_of__initialization                       cinit        00088
__end_of_configDescriptor1                     stringtext3  01843
__end_of_delay_ms                              text2        01D9B
__end_of_device_dsc                            stringtext6  018A3
__end_of_getsUSBUSART                          text45       012B0
__end_of_main                                  maintext     014EF
__end_of_memcpy                                text9        01D3D
__end_of_memset                                text15       0074B
__end_of_putUSBUSART                           text1        01B7E
__end_of_sd000                                 stringtext7  018AD
__end_of_sd001                                 stringtext4  01877
__end_of_sd002                                 stringtext5  01891
__end_ofi1_CDCInitEP                           text67       01E36
__end_ofi1_USBCheckCDCRequest                  text66       0138B
__end_ofi1_USBCheckStdRequest                  text59       016EB
__end_ofi1_USBConfigureEndpoint                text70       01F6A
__end_ofi1_USBCtrlEPAllowDataStage             text58       0117C
__end_ofi1_USBCtrlEPAllowStatusStage           text73       01569
__end_ofi1_USBCtrlEPService                    text54       010C5
__end_ofi1_USBCtrlEPServiceComplete            text57       00C87
__end_ofi1_USBCtrlTrfInHandler                 text74       015E5
__end_ofi1_USBCtrlTrfOutHandler                text71       01E70
__end_ofi1_USBCtrlTrfRxService                 text72       00E7D
__end_ofi1_USBCtrlTrfSetupHandler              text56       0106F
__end_ofi1_USBCtrlTrfTxService                 text75       01478
__end_ofi1_USBDeviceInit                       text53       00DD1
__end_ofi1_USBDeviceTasks                      text48       00596
__end_ofi1_USBEnableEndpoint                   text69       01C65
__end_ofi1_USBIncrement1msInternalTimers       text52       01B61
__end_ofi1_USBStallHandler                     text51       01CE0
__end_ofi1_USBStdFeatureReqHandler             text64       00354
__end_ofi1_USBStdGetDscHandler                 text63       01800
__end_ofi1_USBStdGetStatusHandler              text62       01247
__end_ofi1_USBStdSetCfgHandler                 text60       00AB1
__end_ofi1_USBSuspend                          text50       01BBC
__end_ofi1_USBTransferOnePacket                text68       01775
__end_ofi1_USBWakeFromSuspend                  text49       01C1E
__end_ofi1_USER_USB_CALLBACK_EVENT_HANDLER     text65       01DCD
__end_ofi1_memcpy                              text55       01D0E
__end_ofi1_memset                              text61       01000
__initialization                               cinit        0001B
__pbssBANK1                                    bssBANK1     000C5
__pbssBANK10                                   bssBANK10    00520
__pbssBANK3                                    bssBANK3     001B0
__pbssBANK4                                    bssBANK4     00220
__pbssBANK5                                    bssBANK5     002A0
__pbssBANK6                                    bssBANK6     00320
__pbssBANK7                                    bssBANK7     003A0
__pbssBANK8                                    bssBANK8     00420
__pbssBANK9                                    bssBANK9     004A0
__pcstackBANK0                                 cstackBANK0  00060
__pcstackBANK1                                 cstackBANK1  000A0
__pcstackBANK3                                 cstackBANK3  001EE
__pcstackBANK4                                 cstackBANK4  00263
__pcstackCOMMON                                cstackCOMMON 00070
__pdataBANK4                                   dataBANK4    00258
__pidataBANK4                                  idataBANK4   01AD4
__pintentry                                    intentry     00004
__pmaintext                                    maintext     01478
__pstringtext1                                 stringtext1  018A3
__pstringtext2                                 stringtext2  018AD
__pstringtext3                                 stringtext3  01800
__pstringtext4                                 stringtext4  01843
__pstringtext5                                 stringtext5  01877
__pstringtext6                                 stringtext6  01891
__pstringtext7                                 stringtext7  018A9
__ptext1                                       text1        01B61
__ptext10                                      text10       01FAF
__ptext11                                      text11       00C87
__ptext12                                      text12       0117C
__ptext13                                      text13       00998
__ptext14                                      text14       0090D
__ptext15                                      text15       00680
__ptext16                                      text16       012B0
__ptext17                                      text17       00B49
__ptext18                                      text18       0008C
__ptext19                                      text19       01DCD
__ptext2                                       text2        01D6C
__ptext20                                      text20       0138B
__ptext21                                      text21       01EE7
__ptext22                                      text22       01C8B
__ptext23                                      text23       01F6A
__ptext24                                      text24       01E70
__ptext25                                      text25       00E7D
__ptext26                                      text26       015E5
__ptext27                                      text27       00800
__ptext28                                      text28       00AB1
__ptext29                                      text29       01B32
__ptext3                                       text3        00354
__ptext30                                      text30       01AB5
__ptext31                                      text31       0074B
__ptext32                                      text32       01B7E
__ptext33                                      text33       01007
__ptext34                                      text34       01B03
__ptext35                                      text35       01C65
__ptext36                                      text36       01ACB
__ptext37                                      text37       01AC2
__ptext38                                      text38       01AB9
__ptext39                                      text39       01B20
__ptext4                                       text4        01C1E
__ptext40                                      text40       01002
__ptext41                                      text41       01ADF
__ptext42                                      text42       01B11
__ptext43                                      text43       00596
__ptext44                                      text44       01EAA
__ptext45                                      text45       01247
__ptext46                                      text46       00882
__ptext48                                      text48       00476
__ptext49                                      text49       01BFC
__ptext5                                       text5        01BDC
__ptext50                                      text50       01B9C
__ptext51                                      text51       01CB3
__ptext52                                      text52       01B45
__ptext53                                      text53       00D28
__ptext54                                      text54       0106F
__ptext55                                      text55       01CE0
__ptext56                                      text56       0101B
__ptext57                                      text57       00BE6
__ptext58                                      text58       0111B
__ptext59                                      text59       01663
__ptext6                                       text6        01D3D
__ptext60                                      text60       00A24
__ptext61                                      text61       00F36
__ptext62                                      text62       011E0
__ptext63                                      text63       01775
__ptext64                                      text64       001F9
__ptext65                                      text65       01D9B
__ptext66                                      text66       0131D
__ptext67                                      text67       01DFF
__ptext68                                      text68       016EB
__ptext69                                      text69       01C40
__ptext7                                       text7        01BBC
__ptext70                                      text70       01F26
__ptext71                                      text71       01E36
__ptext72                                      text72       00DD1
__ptext73                                      text73       014EF
__ptext74                                      text74       01569
__ptext75                                      text75       01401
__ptext8                                       text8        010C5
__ptext9                                       text9        01D0E
__size_of_CDCInitEP                            (abs)        00000
__size_of_CDCRxService                         (abs)        00000
__size_of_CDCTxService                         (abs)        00000
__size_of_EUSART_Initialize                    (abs)        00000
__size_of_EUSART_Read                          (abs)        00000
__size_of_EUSART_SetErrorHandler               (abs)        00000
__size_of_EUSART_SetFramingErrorHandler        (abs)        00000
__size_of_EUSART_SetOverrunErrorHandler        (abs)        00000
__size_of_EUSART_Write                         (abs)        00000
__size_of_EUSART_is_rx_ready                   (abs)        00000
__size_of_EUSART_is_tx_ready                   (abs)        00000
__size_of_INTERRUPT_InterruptManager           (abs)        00000
__size_of_OSCILLATOR_Initialize                (abs)        00000
__size_of_PIN_MANAGER_Initialize               (abs)        00000
__size_of_SYSTEM_Initialize                    (abs)        00000
__size_of_USBCheckCDCRequest                   (abs)        00000
__size_of_USBCheckStdRequest                   (abs)        00000
__size_of_USBConfigureEndpoint                 (abs)        00000
__size_of_USBCtrlEPAllowDataStage              (abs)        00000
__size_of_USBCtrlEPAllowStatusStage            (abs)        00000
__size_of_USBCtrlEPService                     (abs)        00000
__size_of_USBCtrlEPServiceComplete             (abs)        00000
__size_of_USBCtrlTrfInHandler                  (abs)        00000
__size_of_USBCtrlTrfOutHandler                 (abs)        00000
__size_of_USBCtrlTrfRxService                  (abs)        00000
__size_of_USBCtrlTrfSetupHandler               (abs)        00000
__size_of_USBCtrlTrfTxService                  (abs)        00000
__size_of_USBDeviceAttach                      (abs)        00000
__size_of_USBDeviceInit                        (abs)        00000
__size_of_USBDeviceTasks                       (abs)        00000
__size_of_USBEnableEndpoint                    (abs)        00000
__size_of_USBIncrement1msInternalTimers        (abs)        00000
__size_of_USBStallHandler                      (abs)        00000
__size_of_USBStdFeatureReqHandler              (abs)        00000
__size_of_USBStdGetDscHandler                  (abs)        00000
__size_of_USBStdGetStatusHandler               (abs)        00000
__size_of_USBStdSetCfgHandler                  (abs)        00000
__size_of_USBSuspend                           (abs)        00000
__size_of_USBTransferOnePacket                 (abs)        00000
__size_of_USBWakeFromSuspend                   (abs)        00000
__size_of_USER_USB_CALLBACK_EVENT_HANDLER      (abs)        00000
__size_of_WDT_Initialize                       (abs)        00000
__size_of_delay_ms                             (abs)        00000
__size_of_getsUSBUSART                         (abs)        00000
__size_of_main                                 (abs)        00000
__size_of_memcpy                               (abs)        00000
__size_of_memset                               (abs)        00000
__size_of_putUSBUSART                          (abs)        00000
__size_ofi1_CDCInitEP                          (abs)        00000
__size_ofi1_USBCheckCDCRequest                 (abs)        00000
__size_ofi1_USBCheckStdRequest                 (abs)        00000
__size_ofi1_USBConfigureEndpoint               (abs)        00000
__size_ofi1_USBCtrlEPAllowDataStage            (abs)        00000
__size_ofi1_USBCtrlEPAllowStatusStage          (abs)        00000
__size_ofi1_USBCtrlEPService                   (abs)        00000
__size_ofi1_USBCtrlEPServiceComplete           (abs)        00000
__size_ofi1_USBCtrlTrfInHandler                (abs)        00000
__size_ofi1_USBCtrlTrfOutHandler               (abs)        00000
__size_ofi1_USBCtrlTrfRxService                (abs)        00000
__size_ofi1_USBCtrlTrfSetupHandler             (abs)        00000
__size_ofi1_USBCtrlTrfTxService                (abs)        00000
__size_ofi1_USBDeviceInit                      (abs)        00000
__size_ofi1_USBDeviceTasks                     (abs)        00000
__size_ofi1_USBEnableEndpoint                  (abs)        00000
__size_ofi1_USBIncrement1msInternalTimers      (abs)        00000
__size_ofi1_USBStallHandler                    (abs)        00000
__size_ofi1_USBStdFeatureReqHandler            (abs)        00000
__size_ofi1_USBStdGetDscHandler                (abs)        00000
__size_ofi1_USBStdGetStatusHandler             (abs)        00000
__size_ofi1_USBStdSetCfgHandler                (abs)        00000
__size_ofi1_USBSuspend                         (abs)        00000
__size_ofi1_USBTransferOnePacket               (abs)        00000
[...]
 This function is called by:
		i1_USBDeviceTasks
		i1_USBStdSetCfgHandler
		i1_USBSuspend
		i1_USBWakeFromSuspend
		i1_USBCtrlTrfSetupHandler
		i1_USBCheckStdRequest
		i1_USBStdFeatureReqHandler
 This function uses a non-reentrant model


 *************** function i1_USBCheckCDCRequest *****************
 Defined at:
		line 147 in file "mcc_generated_files/usb/usb_device_cdc.c"
 Parameters:    Size  Location     Type
		None
 Auto vars:     Size  Location     Type
		None
 Return value:  Size  Location     Type
                  1    wreg      void 
 Registers used:
		wreg, fsr0l, fsr0h, status,2, status,0
 Tracked objects:
		On entry : 
		On exit  : 
		Unchanged: 
 Data sizes:     COMMON   BANK0   BANK1   BANK2   BANK3   BANK4   BANK5   BANK6   BANK7   BANK8   BANK9  BANK10  BANK11  BANK12
      Params:         0       0       0       0       0       0       0       0       0       0       0       0       0       0
      Locals:         0       0       0       0       0       0       0       0       0       0       0       0       0       0
      Temps:          2       0       0       0       0       0       0       0       0       0       0       0       0       0
      Totals:         2       0       0       0       0       0       0       0       0       0       0       0       0       0
Total ram usage:        2 bytes
 Hardware stack levels used:    1
 This function calls:
		Nothing
 This function is called by:
		i1_USER_USB_CALLBACK_EVENT_HANDLER
 This function uses a non-reentrant model


 *************** function i1_CDCInitEP *****************
 Defined at:
		line 294 in file "mcc_generated_files/usb/usb_device_cdc.c"
 Parameters:    Size  Location     Type
		None
 Auto vars:     Size  Location     Type
		None
 Return value:  Size  Location     Type
                  1    wreg      void 
 Registers used:
		wreg, fsr1l, fsr1h, status,2, status,0, pclath, cstack
 Tracked objects:
		On entry : 
		On exit  : 
		Unchanged: 
 Data sizes:     COMMON   BANK0   BANK1   BANK2   BANK3   BANK4   BANK5   BANK6   BANK7   BANK8   BANK9  BANK10  BANK11  BANK12
      Params:         0       0       0       0       0       0       0       0       0       0       0       0       0       0
      Locals:         0       0       0       0       0       0       0       0       0       0       0       0       0       0
      Temps:          1       0       0       0       0       0       0       0       0       0       0       0       0       0
      Totals:         1       0       0       0       0       0       0       0       0       0       0       0       0       0
Total ram usage:        1 bytes
 Hardware stack levels used:    1
 Hardware stack levels required when called:    2
 This function calls:
		i1_USBEnableEndpoint
		i1_USBTransferOnePacket
 This function is called by:
		i1_USER_USB_CALLBACK_EVENT_HANDLER
 This function uses a non-reentrant model


 *************** function i1_USBTransferOnePacket *****************
 Defined at:
		line 999 in file "mcc_generated_files/usb/usb_device.c"
 Parameters:    Size  Location     Type
  ep              1    wreg     unsigned char 
  dir             1    0[COMMON] unsigned char 
  data            2    1[COMMON] PTR unsigned char 
		 -> cdc_data_tx(64), cdc_data_rx(64), NULL(0), 
  len             1    3[COMMON] unsigned char 
 Auto vars:     Size  Location     Type
  ep              1    8[COMMON] unsigned char 
  handle          2    9[COMMON] PTR volatile struct __BD
		 -> RAM(4096), NULL(0), BDT(48), 
 Return value:  Size  Location     Type
                  2    0[COMMON] PTR void 
 Registers used:
		wreg, fsr1l, fsr1h, status,2, status,0
 Tracked objects:
		On entry : 
		On exit  : 
		Unchanged: 
 Data sizes:     COMMON   BANK0   BANK1   BANK2   BANK3   BANK4   BANK5   BANK6   BANK7   BANK8   BANK9  BANK10  BANK11  BANK12
      Params:         4       0       0       0       0       0       0       0       0       0       0       0       0       0
      Locals:         3       0       0       0       0       0       0       0       0       0       0       0       0       0
      Temps:          4       0       0       0       0       0       0       0       0       0       0       0       0       0
      Totals:        11       0       0       0       0       0       0       0       0       0       0       0       0       0
Total ram usage:       11 bytes
 Hardware stack levels used:    1
 This function calls:
		Nothing
 This function is called by:
		i1_CDCInitEP
 This function uses a non-reentrant model


 *************** function i1_USBEnableEndpoint *****************
 Defined at:
		line 882 in file "mcc_generated_files/usb/usb_device.c"
 Parameters:    Size  Location     Type
  ep              1    wreg     unsigned char 
  options         1    7[COMMON] unsigned char 
 Auto vars:     Size  Location     Type
  ep              1   12[COMMON] unsigned char 
  p               2   10[COMMON] PTR unsigned char 
		 -> UEP0(1), 
 Return value:  Size  Location     Type
                  1    wreg      void 
 Registers used:
		wreg, fsr1l, fsr1h, status,2, status,0, pclath, cstack
 Tracked objects:
		On entry : 
		On exit  : 
		Unchanged: 
 Data sizes:     COMMON   BANK0   BANK1   BANK2   BANK3   BANK4   BANK5   BANK6   BANK7   BANK8   BANK9  BANK10  BANK11  BANK12
      Params:         1       0       0       0       0       0       0       0       0       0       0       0       0       0
      Locals:         3       0       0       0       0       0       0       0       0       0       0       0       0       0
      Temps:          2       0       0       0       0       0       0       0       0       0       0       0       0       0
      Totals:         6       0       0       0       0       0       0       0       0       0       0       0       0       0
Total ram usage:        6 bytes
 Hardware stack levels used:    1
 Hardware stack levels required when called:    1
 This function calls:
		i1_USBConfigureEndpoint
 This function is called by:
		i1_CDCInitEP
 This function uses a non-reentrant model


 *************** function i1_USBConfigureEndpoint *****************
 Defined at:
		line 1547 in file "mcc_generated_files/usb/usb_device.c"
 Parameters:    Size  Location     Type
  EPNum           1    wreg     unsigned char 
  direction       1    0[COMMON] unsigned char 
 Auto vars:     Size  Location     Type
  EPNum           1    5[COMMON] unsigned char 
  handle          1    6[COMMON] PTR volatile struct __BD
		 -> BDT(48), 
 Return value:  Size  Location     Type
                  1    wreg      void 
 Registers used:
		wreg, fsr1l, fsr1h, status,2, status,0
 Tracked objects:
		On entry : 
		On exit  : 
		Unchanged: 
 Data sizes:     COMMON   BANK0   BANK1   BANK2   BANK3   BANK4   BANK5   BANK6   BANK7   BANK8   BANK9  BANK10  BANK11  BANK12
      Params:         1       0       0       0       0       0       0       0       0       0       0       0       0       0
      Locals:         2       0       0       0       0       0       0       0       0       0       0       0       0       0
      Temps:          4       0       0       0       0       0       0       0       0       0       0       0       0       0
      Totals:         7       0       0       0       0       0       0       0       0       0       0       0       0       0
Total ram usage:        7 bytes
 Hardware stack levels used:    1
 This function calls:
		Nothing
 This function is called by:
		i1_USBEnableEndpoint
 This function uses a non-reentrant model


 *************** function i1_USBCtrlTrfOutHandler *****************
 Defined at:
		line 2542 in file "mcc_generated_files/usb/usb_device.c"
 Parameters:    Size  Location     Type
		None
 Auto vars:     Size  Location     Type
		None
 Return value:  Size  Location     Type
                  1    wreg      void 
 Registers used:
		wreg, fsr1l, fsr1h, status,2, status,0, pclath, cstack
 Tracked objects:
		On entry : 
		On exit  : 
		Unchanged: 
 Data sizes:     COMMON   BANK0   BANK1   BANK2   BANK3   BANK4   BANK5   BANK6   BANK7   BANK8   BANK9  BANK10  BANK11  BANK12
      Params:         0       0       0       0       0       0       0       0       0       0       0       0       0       0
      Locals:         0       0       0       0       0       0       0       0       0       0       0       0       0       0
      Temps:          2       0       0       0       0       0       0       0       0       0       0       0       0       0
      Totals:         2       0       0       0       0       0       0       0       0       0       0       0       0       0
Total ram usage:        2 bytes
 Hardware stack levels used:    1
 Hardware stack levels required when called:    2
 This function calls:
		i1_USBCtrlTrfRxService
 This function is called by:
		i1_USBCtrlEPService
 This function uses a non-reentrant model


 *************** function i1_USBCtrlTrfRxService *****************
 Defined at:
		line 1856 in file "mcc_generated_files/usb/usb_device.c"
 Parameters:    Size  Location     Type
		None
 Auto vars:     Size  Location     Type
  byteToRead      1    5[COMMON] unsigned char 
  i               1    4[COMMON] unsigned char 
 Return value:  Size  Location     Type
                  1    wreg      void 
 Registers used:
		wreg, fsr1l, fsr1h, status,2, status,0, pclath, cstack
 Tracked objects:
		On entry : 
		On exit  : 
		Unchanged: 
 Data sizes:     COMMON   BANK0   BANK1   BANK2   BANK3   BANK4   BANK5   BANK6   BANK7   BANK8   BANK9  BANK10  BANK11  BANK12
      Params:         0       0       0       0       0       0       0       0       0       0       0       0       0       0
      Locals:         2       0       0       0       0       0       0       0       0       0       0       0       0       0
      Temps:          2       0       0       0       0       0       0       0       0       0       0       0       0       0
      Totals:         4       0       0       0       0       0       0       0       0       0       0       0       0       0
Total ram usage:        4 bytes
 Hardware stack levels used:    1
 Hardware stack levels required when called:    1
 This function calls:
		i1_USBCtrlEPAllowStatusStage
 This function is called by:
		i1_USBCtrlTrfOutHandler
 This function uses a non-reentrant model


 *************** function i1_USBCtrlEPAllowStatusStage *****************
 Defined at:
		line 1420 in file "mcc_generated_files/usb/usb_device.c"
 Parameters:    Size  Location     Type
		None
 Auto vars:     Size  Location     Type
		None
 Return value:  Size  Location     Type
                  1    wreg      void 
 Registers used:
		wreg, fsr1l, fsr1h, status,2, status,0
 Tracked objects:
		On entry : 
		On exit  : 
		Unchanged: 
 Data sizes:     COMMON   BANK0   BANK1   BANK2   BANK3   BANK4   BANK5   BANK6   BANK7   BANK8   BANK9  BANK10  BANK11  BANK12
      Params:         0       0       0       0       0       0       0       0       0       0       0       0       0       0
      Locals:         0       0       0       0       0       0       0       0       0       0       0       0       0       0
      Temps:          2       0       0       0       0       0       0       0       0       0       0       0       0       0
      Totals:         2       0       0       0       0       0       0       0       0       0       0       0       0       0
Total ram usage:        2 bytes
 Hardware stack levels used:    1
 This function calls:
		Nothing
 This function is called by:
		i1_USBDeviceTasks
		i1_USBCtrlEPServiceComplete
		i1_USBCtrlTrfRxService
 This function uses a non-reentrant model


 *************** function i1_USBCtrlTrfInHandler *****************
 Defined at:
		line 2596 in file "mcc_generated_files/usb/usb_device.c"
 Parameters:    Size  Location     Type
		None
 Auto vars:     Size  Location     Type
  lastDTS         1    5[COMMON] unsigned char 
 Return value:  Size  Location     Type
                  1    wreg      void 
 Registers used:
		wreg, fsr0l, fsr0h, fsr1l, fsr1h, status,2, status,0, pclath, cstack
 Tracked objects:
		On entry : 
		On exit  : 
		Unchanged: 
 Data sizes:     COMMON   BANK0   BANK1   BANK2   BANK3   BANK4   BANK5   BANK6   BANK7   BANK8   BANK9  BANK10  BANK11  BANK12
      Params:         0       0       0       0       0       0       0       0       0       0       0       0       0       0
      Locals:         1       0       0       0       0       0       0       0       0       0       0       0       0       0
      Temps:          2       0       0       0       0       0       0       0       0       0       0       0       0       0
      Totals:         3       0       0       0       0       0       0       0       0       0       0       0       0       0
Total ram usage:        3 bytes
 Hardware stack levels used:    1
 Hardware stack levels required when called:    1
 This function calls:
		i1_USBCtrlTrfTxService
 This function is called by:
		i1_USBCtrlEPService
 This function uses a non-reentrant model


 *************** function i1_USBCtrlTrfTxService *****************
 Defined at:
		line 1775 in file "mcc_generated_files/usb/usb_device.c"
 Parameters:    Size  Location     Type
		None
 Auto vars:     Size  Location     Type
  byteToSend      1    2[COMMON] unsigned char 
 Return value:  Size  Location     Type
                  1    wreg      void 
 Registers used:
		wreg, fsr0l, fsr0h, fsr1l, fsr1h, status,2, status,0, pclath
 Tracked objects:
		On entry : 
		On exit  : 
		Unchanged: 
 Data sizes:     COMMON   BANK0   BANK1   BANK2   BANK3   BANK4   BANK5   BANK6   BANK7   BANK8   BANK9  BANK10  BANK11  BANK12
      Params:         0       0       0       0       0       0       0       0       0       0       0       0       0       0
      Locals:         1       0       0       0       0       0       0       0       0       0       0       0       0       0
      Temps:          2       0       0       0       0       0       0       0       0       0       0       0       0       0
      Totals:         3       0       0       0       0       0       0       0       0       0       0       0       0       0
Total ram usage:        3 bytes
 Hardware stack levels used:    1
 This function calls:
		Nothing
 This function is called by:
		i1_USBCtrlEPAllowDataStage
		i1_USBCtrlTrfInHandler
 This function uses a non-reentrant model



MODULE INFORMATION

Module		Function		Class		Link	Load	Size
D:\Program Files\Microchip\xc8\v2.31\pic\sources\c99\common\memset.c
		_memset        		CODE           	0680	0000	203

D:\Program Files\Microchip\xc8\v2.31\pic\sources\c99\common\memset.c estimated size: 203

mcc_generated_files/interrupt_manager.c
		_INTERRUPT_InterruptManager		CODE           	0004	0000	21

mcc_generated_files/interrupt_manager.c estimated size: 21

mcc_generated_files/pin_manager.c
		_PIN_MANAGER_Initialize		CODE           	1007	0000	20

mcc_generated_files/pin_manager.c estimated size: 20

D:\Program Files\Microchip\xc8\v2.31\pic\sources\c99\common\memcpy.c
		_memcpy        		CODE           	1D0E	0000	47

D:\Program Files\Microchip\xc8\v2.31\pic\sources\c99\common\memcpy.c estimated size: 47

mcc_generated_files/usb/usb_device_cdc.c
		_CDCTxService  		CODE           	0596	0000	234
		_CDCInitEP     		CODE           	1EE7	0000	63
		_putUSBUSART   		CODE           	1B61	0000	29
		_getsUSBUSART  		CODE           	1247	0000	105
		_USBCheckCDCRequest		CODE           	138B	0000	118

mcc_generated_files/usb/usb_device_cdc.c estimated size: 549

shared
		i1_USBIncrement1msInternalTimers		CODE           	1B45	0000	28
		_configDescriptor1		STRCODE        	1800	0000	67
		_USB_CD_Ptr    		STRCODE        	18AD	0000	2
		_sd001         		STRCODE        	1843	0000	52
		i1_USBCtrlEPService		CODE           	106F	0000	86
		i1_USBCtrlEPServiceComplete		CODE           	0BE6	0000	161
		i1_USBCtrlTrfSetupHandler		CODE           	101B	0000	84
		i1_USBCtrlEPAllowStatusStage		CODE           	14EF	0000	122
		_sd002         		STRCODE        	1877	0000	26
		i1_USBCtrlTrfOutHandler		CODE           	1E36	0000	58
		i1_USBDeviceInit		CODE           	0D28	0000	169
		i1_USBWakeFromSuspend		CODE           	1BFC	0000	34
		i1_USBConfigureEndpoint		CODE           	1F26	0000	68
		i1_USBStdSetCfgHandler		CODE           	0A24	0000	141
		i1_USBStdGetDscHandler		CODE           	1775	0000	139
		__initialization		CODE           	001B	0000	109
		i1_USBStallHandler		CODE           	1CB3	0000	45
		_device_dsc    		STRCODE        	1891	0000	18
		i1_USBStdGetStatusHandler		CODE           	11E0	0000	103
		i1_CDCInitEP   		CODE           	1DFF	0000	55
		i1_USER_USB_CALLBACK_EVENT_HANDLER		CODE           	1D9B	0000	50
		i1_USBStdFeatureReqHandler		CODE           	01F9	0000	347
		_USB_SD_Ptr    		STRCODE        	18A3	0000	6
		i1_memset      		CODE           	0F36	0000	202
		i1_USBCheckCDCRequest		CODE           	131D	0000	110
		i1_USBEnableEndpoint		CODE           	1C40	0000	37
		i1_USBDeviceTasks		CODE           	0476	0000	288
		i1_USBCtrlTrfRxService		CODE           	0DD1	0000	172
		_sd000         		STRCODE        	18A9	0000	4
		i1_USBCtrlTrfTxService		CODE           	1401	0000	119
		i1_USBCheckStdRequest		CODE           	1663	0000	136
		i1_memcpy      		CODE           	1CE0	0000	46
		i1_USBTransferOnePacket		CODE           	16EB	0000	138
		i1_USBCtrlTrfInHandler		CODE           	1569	0000	124
		i1_USBSuspend  		CODE           	1B9C	0000	32
		i1_USBCtrlEPAllowDataStage		CODE           	111B	0000	97

shared estimated size: 3475

mcc_generated_files/usb/usb_device_events.c
		_USER_USB_CALLBACK_EVENT_HANDLER		CODE           	1DCD	0000	50

mcc_generated_files/usb/usb_device_events.c estimated size: 50

mcc_generated_files/mcc.c
		_WDT_Initialize		CODE           	1AB5	0000	4
		_OSCILLATOR_Initialize		CODE           	1B03	0000	14
		_SYSTEM_Initialize		CODE           	1B32	0000	19

mcc_generated_files/mcc.c estimated size: 37

mcc_generated_files/eusart.c
		_EUSART_Read   		CODE           	1B11	0000	15
		_EUSART_Write  		CODE           	1ADF	0000	12
		_EUSART_Initialize		CODE           	1C65	0000	38
		_EUSART_SetFramingErrorHandler		CODE           	1AC2	0000	9
		_EUSART_SetErrorHandler		CODE           	1AB9	0000	9
		_EUSART_SetOverrunErrorHandler		CODE           	1ACB	0000	9
		_EUSART_is_rx_ready		CODE           	1002	0000	5
		_EUSART_is_tx_ready		CODE           	1B20	0000	18

mcc_generated_files/eusart.c estimated size: 115

main.c
		_main          		CODE           	1478	0000	119
		_delay_ms      		CODE           	1D6C	0000	47
		_CDCRxService  		CODE           	1EAA	0000	61

main.c estimated size: 227

mcc_generated_files/usb/usb_device.c
		_USBCtrlTrfInHandler		CODE           	0800	0000	130
		_USBTransferOnePacket		CODE           	0882	0000	139
		_USBDeviceAttach		CODE           	1B7E	0000	30
		_USBStdGetDscHandler		CODE           	0B49	0000	157
		_USBCtrlEPAllowDataStage		CODE           	117C	0000	100
		_USBStdFeatureReqHandler		CODE           	008C	0000	365
		_USBCtrlEPAllowStatusStage		CODE           	15E5	0000	126
		_USBCtrlTrfSetupHandler		CODE           	1FAF	0000	81
		_USBCtrlTrfOutHandler		CODE           	1E70	0000	58
		_USBCtrlEPServiceComplete		CODE           	0C87	0000	161
		_USBSuspend    		CODE           	1BDC	0000	32
		_USBStdSetCfgHandler		CODE           	090D	0000	139
		_USBStdGetStatusHandler		CODE           	12B0	0000	109
		_USBWakeFromSuspend		CODE           	1C1E	0000	34
		_USBCtrlTrfRxService		CODE           	0E7D	0000	185
		_USBCtrlTrfTxService		CODE           	0AB1	0000	152
		_USBEnableEndpoint		CODE           	1C8B	0000	40
		_USBConfigureEndpoint		CODE           	1F6A	0000	69
		_USBDeviceInit 		CODE           	074B	0000	179
		_USBIncrement1msInternalTimers		CODE           	1BBC	0000	32
		_USBCtrlEPService		CODE           	10C5	0000	86
		_USBStallHandler		CODE           	1D3D	0000	47
		_USBDeviceTasks		CODE           	0354	0000	290
		_USBCheckStdRequest		CODE           	0998	0000	140

mcc_generated_files/usb/usb_device.c estimated size: 2881

